Archive member included to satisfy reference by file (symbol)

/home/alie/st/stm32cubeide_1.9.0/plugins/com.st.stm32cube.ide.mcu.externaltools.gnu-tools-for-stm32.10.3-2021.10.linux64_1.0.100.202210260954/tools/bin/../lib/gcc/arm-none-eabi/10.3.1/../../../../arm-none-eabi/lib/thumb/v7e-m/nofp/libc_nano.a(lib_a-errno.o)
                              ./Src/sysmem.o (__errno)
/home/alie/st/stm32cubeide_1.9.0/plugins/com.st.stm32cube.ide.mcu.externaltools.gnu-tools-for-stm32.10.3-2021.10.linux64_1.0.100.202210260954/tools/bin/../lib/gcc/arm-none-eabi/10.3.1/../../../../arm-none-eabi/lib/thumb/v7e-m/nofp/libc_nano.a(lib_a-exit.o)
                              /home/alie/st/stm32cubeide_1.9.0/plugins/com.st.stm32cube.ide.mcu.externaltools.gnu-tools-for-stm32.10.3-2021.10.linux64_1.0.100.202210260954/tools/bin/../lib/gcc/arm-none-eabi/10.3.1/../../../../arm-none-eabi/lib/thumb/v7e-m/nofp/rdimon-crt0.o (exit)
/home/alie/st/stm32cubeide_1.9.0/plugins/com.st.stm32cube.ide.mcu.externaltools.gnu-tools-for-stm32.10.3-2021.10.linux64_1.0.100.202210260954/tools/bin/../lib/gcc/arm-none-eabi/10.3.1/../../../../arm-none-eabi/lib/thumb/v7e-m/nofp/libc_nano.a(lib_a-impure.o)
                              /home/alie/st/stm32cubeide_1.9.0/plugins/com.st.stm32cube.ide.mcu.externaltools.gnu-tools-for-stm32.10.3-2021.10.linux64_1.0.100.202210260954/tools/bin/../lib/gcc/arm-none-eabi/10.3.1/../../../../arm-none-eabi/lib/thumb/v7e-m/nofp/libc_nano.a(lib_a-exit.o) (_global_impure_ptr)
/home/alie/st/stm32cubeide_1.9.0/plugins/com.st.stm32cube.ide.mcu.externaltools.gnu-tools-for-stm32.10.3-2021.10.linux64_1.0.100.202210260954/tools/bin/../lib/gcc/arm-none-eabi/10.3.1/../../../../arm-none-eabi/lib/thumb/v7e-m/nofp/libc_nano.a(lib_a-init.o)
                              /home/alie/st/stm32cubeide_1.9.0/plugins/com.st.stm32cube.ide.mcu.externaltools.gnu-tools-for-stm32.10.3-2021.10.linux64_1.0.100.202210260954/tools/bin/../lib/gcc/arm-none-eabi/10.3.1/../../../../arm-none-eabi/lib/thumb/v7e-m/nofp/rdimon-crt0.o (__libc_init_array)
/home/alie/st/stm32cubeide_1.9.0/plugins/com.st.stm32cube.ide.mcu.externaltools.gnu-tools-for-stm32.10.3-2021.10.linux64_1.0.100.202210260954/tools/bin/../lib/gcc/arm-none-eabi/10.3.1/../../../../arm-none-eabi/lib/thumb/v7e-m/nofp/libc_nano.a(lib_a-memset.o)
                              /home/alie/st/stm32cubeide_1.9.0/plugins/com.st.stm32cube.ide.mcu.externaltools.gnu-tools-for-stm32.10.3-2021.10.linux64_1.0.100.202210260954/tools/bin/../lib/gcc/arm-none-eabi/10.3.1/../../../../arm-none-eabi/lib/thumb/v7e-m/nofp/rdimon-crt0.o (memset)
/home/alie/st/stm32cubeide_1.9.0/plugins/com.st.stm32cube.ide.mcu.externaltools.gnu-tools-for-stm32.10.3-2021.10.linux64_1.0.100.202210260954/tools/bin/../lib/gcc/arm-none-eabi/10.3.1/../../../../arm-none-eabi/lib/thumb/v7e-m/nofp/libc_nano.a(lib_a-printf.o)
                              ./drivers/Src/stm32f303re_USART_driver.o (printf)
/home/alie/st/stm32cubeide_1.9.0/plugins/com.st.stm32cube.ide.mcu.externaltools.gnu-tools-for-stm32.10.3-2021.10.linux64_1.0.100.202210260954/tools/bin/../lib/gcc/arm-none-eabi/10.3.1/../../../../arm-none-eabi/lib/thumb/v7e-m/nofp/libc_nano.a(lib_a-puts.o)
                              ./src/017rtc_lcd.o (puts)
/home/alie/st/stm32cubeide_1.9.0/plugins/com.st.stm32cube.ide.mcu.externaltools.gnu-tools-for-stm32.10.3-2021.10.linux64_1.0.100.202210260954/tools/bin/../lib/gcc/arm-none-eabi/10.3.1/../../../../arm-none-eabi/lib/thumb/v7e-m/nofp/libc_nano.a(lib_a-wbuf.o)
                              /home/alie/st/stm32cubeide_1.9.0/plugins/com.st.stm32cube.ide.mcu.externaltools.gnu-tools-for-stm32.10.3-2021.10.linux64_1.0.100.202210260954/tools/bin/../lib/gcc/arm-none-eabi/10.3.1/../../../../arm-none-eabi/lib/thumb/v7e-m/nofp/libc_nano.a(lib_a-puts.o) (__swbuf_r)
/home/alie/st/stm32cubeide_1.9.0/plugins/com.st.stm32cube.ide.mcu.externaltools.gnu-tools-for-stm32.10.3-2021.10.linux64_1.0.100.202210260954/tools/bin/../lib/gcc/arm-none-eabi/10.3.1/../../../../arm-none-eabi/lib/thumb/v7e-m/nofp/libc_nano.a(lib_a-wsetup.o)
                              /home/alie/st/stm32cubeide_1.9.0/plugins/com.st.stm32cube.ide.mcu.externaltools.gnu-tools-for-stm32.10.3-2021.10.linux64_1.0.100.202210260954/tools/bin/../lib/gcc/arm-none-eabi/10.3.1/../../../../arm-none-eabi/lib/thumb/v7e-m/nofp/libc_nano.a(lib_a-puts.o) (__swsetup_r)
/home/alie/st/stm32cubeide_1.9.0/plugins/com.st.stm32cube.ide.mcu.externaltools.gnu-tools-for-stm32.10.3-2021.10.linux64_1.0.100.202210260954/tools/bin/../lib/gcc/arm-none-eabi/10.3.1/../../../../arm-none-eabi/lib/thumb/v7e-m/nofp/libc_nano.a(lib_a-fflush.o)
                              /home/alie/st/stm32cubeide_1.9.0/plugins/com.st.stm32cube.ide.mcu.externaltools.gnu-tools-for-stm32.10.3-2021.10.linux64_1.0.100.202210260954/tools/bin/../lib/gcc/arm-none-eabi/10.3.1/../../../../arm-none-eabi/lib/thumb/v7e-m/nofp/libc_nano.a(lib_a-wbuf.o) (_fflush_r)
[...]
Memory Configuration

Name             Origin             Length             Attributes
CCMRAM           0x0000000010000000 0x0000000000004000 xrw
RAM              0x0000000020000000 0x0000000000010000 xrw
FLASH            0x0000000008000000 0x0000000000080000 xr
*default*        0x0000000000000000 0xffffffffffffffff

Linker script and memory map

LOAD /home/alie/st/stm32cubeide_1.9.0/plugins/com.st.stm32cube.ide.mcu.externaltools.gnu-tools-for-stm32.10.3-2021.10.linux64_1.0.100.202210260954/tools/bin/../lib/gcc/arm-none-eabi/10.3.1/thumb/v7e-m/nofp/crti.o
LOAD /home/alie/st/stm32cubeide_1.9.0/plugins/com.st.stm32cube.ide.mcu.externaltools.gnu-tools-for-stm32.10.3-2021.10.linux64_1.0.100.202210260954/tools/bin/../lib/gcc/arm-none-eabi/10.3.1/thumb/v7e-m/nofp/crtbegin.o
LOAD /home/alie/st/stm32cubeide_1.9.0/plugins/com.st.stm32cube.ide.mcu.externaltools.gnu-tools-for-stm32.10.3-2021.10.linux64_1.0.100.202210260954/tools/bin/../lib/gcc/arm-none-eabi/10.3.1/../../../../arm-none-eabi/lib/thumb/v7e-m/nofp/rdimon-crt0.o
LOAD ./Src/sysmem.o
LOAD ./Startup/startup_stm32f303retx.o
LOAD ./bsp/ds1307.o
LOAD ./bsp/lcd.o
LOAD ./drivers/Src/stm32f303re_I2C_driver.o
LOAD ./drivers/Src/stm32f303re_RCC_driver.o
LOAD ./drivers/Src/stm32f303re_SPI_driver.o
LOAD ./drivers/Src/stm32f303re_USART_driver.o
LOAD ./drivers/Src/stm32f303re_gpio_driver.o
LOAD ./src/017rtc_lcd.o
LOAD /home/alie/st/stm32cubeide_1.9.0/plugins/com.st.stm32cube.ide.mcu.externaltools.gnu-tools-for-stm32.10.3-2021.10.linux64_1.0.100.202210260954/tools/bin/../lib/gcc/arm-none-eabi/10.3.1/../../../../arm-none-eabi/lib/thumb/v7e-m/nofp/libc_nano.a
LOAD /home/alie/st/stm32cubeide_1.9.0/plugins/com.st.stm32cube.ide.mcu.externaltools.gnu-tools-for-stm32.10.3-2021.10.linux64_1.0.100.202210260954/tools/bin/../lib/gcc/arm-none-eabi/10.3.1/../../../../arm-none-eabi/lib/thumb/v7e-m/nofp/librdimon_nano.a
START GROUP
LOAD /home/alie/st/stm32cubeide_1.9.0/plugins/com.st.stm32cube.ide.mcu.externaltools.gnu-tools-for-stm32.10.3-2021.10.linux64_1.0.100.202210260954/tools/bin/../lib/gcc/arm-none-eabi/10.3.1/../../../../arm-none-eabi/lib/thumb/v7e-m/nofp/libc_nano.a
LOAD /home/alie/st/stm32cubeide_1.9.0/plugins/com.st.stm32cube.ide.mcu.externaltools.gnu-tools-for-stm32.10.3-2021.10.linux64_1.0.100.202210260954/tools/bin/../lib/gcc/arm-none-eabi/10.3.1/../../../../arm-none-eabi/lib/thumb/v7e-m/nofp/libm.a
END GROUP
START GROUP
LOAD /home/alie/st/stm32cubeide_1.9.0/plugins/com.st.stm32cube.ide.mcu.externaltools.gnu-tools-for-stm32.10.3-2021.10.linux64_1.0.100.202210260954/tools/bin/../lib/gcc/arm-none-eabi/10.3.1/thumb/v7e-m/nofp/libgcc.a
LOAD /home/alie/st/stm32cubeide_1.9.0/plugins/com.st.stm32cube.ide.mcu.externaltools.gnu-tools-for-stm32.10.3-2021.10.linux64_1.0.100.202210260954/tools/bin/../lib/gcc/arm-none-eabi/10.3.1/../../../../arm-none-eabi/lib/thumb/v7e-m/nofp/libc_nano.a
END GROUP
START GROUP
LOAD /home/alie/st/stm32cubeide_1.9.0/plugins/com.st.stm32cube.ide.mcu.externaltools.gnu-tools-for-stm32.10.3-2021.10.linux64_1.0.100.202210260954/tools/bin/../lib/gcc/arm-none-eabi/10.3.1/thumb/v7e-m/nofp/libgcc.a
LOAD /home/alie/st/stm32cubeide_1.9.0/plugins/com.st.stm32cube.ide.mcu.externaltools.gnu-tools-for-stm32.10.3-2021.10.linux64_1.0.100.202210260954/tools/bin/../lib/gcc/arm-none-eabi/10.3.1/../../../../arm-none-eabi/lib/thumb/v7e-m/nofp/libc_nano.a
LOAD /home/alie/st/stm32cubeide_1.9.0/plugins/com.st.stm32cube.ide.mcu.externaltools.gnu-tools-for-stm32.10.3-2021.10.linux64_1.0.100.202210260954/tools/bin/../lib/gcc/arm-none-eabi/10.3.1/../../../../arm-none-eabi/lib/thumb/v7e-m/nofp/libnosys.a
END GROUP
START GROUP
LOAD /home/alie/st/stm32cubeide_1.9.0/plugins/com.st.stm32cube.ide.mcu.externaltools.gnu-tools-for-stm32.10.3-2021.10.linux64_1.0.100.202210260954/tools/bin/../lib/gcc/arm-none-eabi/10.3.1/thumb/v7e-m/nofp/libgcc.a
LOAD /home/alie/st/stm32cubeide_1.9.0/plugins/com.st.stm32cube.ide.mcu.externaltools.gnu-tools-for-stm32.10.3-2021.10.linux64_1.0.100.202210260954/tools/bin/../lib/gcc/arm-none-eabi/10.3.1/../../../../arm-none-eabi/lib/thumb/v7e-m/nofp/libc_nano.a
LOAD /home/alie/st/stm32cubeide_1.9.0/plugins/com.st.stm32cube.ide.mcu.externaltools.gnu-tools-for-stm32.10.3-2021.10.linux64_1.0.100.202210260954/tools/bin/../lib/gcc/arm-none-eabi/10.3.1/../../../../arm-none-eabi/lib/thumb/v7e-m/nofp/librdimon_nano.a
END GROUP
START GROUP
LOAD /home/alie/st/stm32cubeide_1.9.0/plugins/com.st.stm32cube.ide.mcu.externaltools.gnu-tools-for-stm32.10.3-2021.10.linux64_1.0.100.202210260954/tools/bin/../lib/gcc/arm-none-eabi/10.3.1/thumb/v7e-m/nofp/libgcc.a
LOAD /home/alie/st/stm32cubeide_1.9.0/plugins/com.st.stm32cube.ide.mcu.externaltools.gnu-tools-for-stm32.10.3-2021.10.linux64_1.0.100.202210260954/tools/bin/../lib/gcc/arm-none-eabi/10.3.1/../../../../arm-none-eabi/lib/thumb/v7e-m/nofp/libc_nano.a
LOAD /home/alie/st/stm32cubeide_1.9.0/plugins/com.st.stm32cube.ide.mcu.externaltools.gnu-tools-for-stm32.10.3-2021.10.linux64_1.0.100.202210260954/tools/bin/../lib/gcc/arm-none-eabi/10.3.1/../../../../arm-none-eabi/lib/thumb/v7e-m/nofp/librdimon_nano.a
LOAD /home/alie/st/stm32cubeide_1.9.0/plugins/com.st.stm32cube.ide.mcu.externaltools.gnu-tools-for-stm32.10.3-2021.10.linux64_1.0.100.202210260954/tools/bin/../lib/gcc/arm-none-eabi/10.3.1/../../../../arm-none-eabi/lib/thumb/v7e-m/nofp/libnosys.a
END GROUP
LOAD /home/alie/st/stm32cubeide_1.9.0/plugins/com.st.stm32cube.ide.mcu.externaltools.gnu-tools-for-stm32.10.3-2021.10.linux64_1.0.100.202210260954/tools/bin/../lib/gcc/arm-none-eabi/10.3.1/thumb/v7e-m/nofp/crtend.o
LOAD /home/alie/st/stm32cubeide_1.9.0/plugins/com.st.stm32cube.ide.mcu.externaltools.gnu-tools-for-stm32.10.3-2021.10.linux64_1.0.100.202210260954/tools/bin/../lib/gcc/arm-none-eabi/10.3.1/thumb/v7e-m/nofp/crtn.o
                0x0000000020010000                _estack = (ORIGIN (RAM) + LENGTH (RAM))
                0x0000000000000200                _Min_Heap_Size = 0x200
                0x0000000000000400                _Min_Stack_Size = 0x400

.isr_vector     0x0000000008000000      0x194
                0x0000000008000000                . = ALIGN (0x4)
 *(.isr_vector)
 .isr_vector    0x0000000008000000      0x194 ./Startup/startup_stm32f303retx.o
                0x0000000008000000                g_pfnVectors
                0x0000000008000194                . = ALIGN (0x4)

.text           0x00000000080001a0     0x2810
                0x00000000080001a0                . = ALIGN (0x4)
 *(.text)
 .text          0x00000000080001a0       0x40 /home/alie/st/stm32cubeide_1.9.0/plugins/com.st.stm32cube.ide.mcu.externaltools.gnu-tools-for-stm32.10.3-2021.10.linux64_1.0.100.202210260954/tools/bin/../lib/gcc/arm-none-eabi/10.3.1/thumb/v7e-m/nofp/crtbegin.o
 .text          0x00000000080001e0       0xa0 /home/alie/st/stm32cubeide_1.9.0/plugins/com.st.stm32cube.ide.mcu.externaltools.gnu-tools-for-stm32.10.3-2021.10.linux64_1.0.100.202210260954/tools/bin/../lib/gcc/arm-none-eabi/10.3.1/../../../../arm-none-eabi/lib/thumb/v7e-m/nofp/libc_nano.a(lib_a-memchr.o)
                0x00000000080001e0                memchr
 *(.text*)
 .text._sbrk    0x0000000008000280       0x6c ./Src/sysmem.o
                0x0000000008000280                _sbrk
 .text.Reset_Handler
                0x00000000080002ec       0x50 ./Startup/startup_stm32f303retx.o
                0x00000000080002ec                Reset_Handler
 .text.Default_Handler
                0x000000000800033c        0x2 ./Startup/startup_stm32f303retx.o
                0x000000000800033c                TIM8_TRG_COM_IRQHandler
                0x000000000800033c                TIM8_CC_IRQHandler
                0x000000000800033c                DebugMon_Handler
                0x000000000800033c                DMA1_CH4_IRQHandler
                0x000000000800033c                SPI4_IRQHandler
                0x000000000800033c                TIM1_CC_IRQHandler
                0x000000000800033c                HardFault_Handler
                0x000000000800033c                USB_HP_IRQHandler
                0x000000000800033c                I2C2_EV_EXTI24_IRQHandler
                0x000000000800033c                USB_WKUP_EXTI_IRQHandler
                0x000000000800033c                PVD_IRQHandler
                0x000000000800033c                UART4_EXTI34_IRQHandler
                0x000000000800033c                TAMP_STAMP_IRQHandler
                0x000000000800033c                PendSV_Handler
                0x000000000800033c                NMI_Handler
                0x000000000800033c                EXTI3_IRQHandler
                0x000000000800033c                I2C3_ER_IRQHandler
                0x000000000800033c                TIM6_DACUNDER_IRQHandler
                0x000000000800033c                USB_HP_CAN_TX_IRQHandler
                0x000000000800033c                EXTI0_IRQHandler
                0x000000000800033c                DMA2_CH1_IRQHandler
                0x000000000800033c                FPU_IRQHandler
                0x000000000800033c                TIM1_UP_TIM16_IRQHandler
                0x000000000800033c                UsageFault_Handler
                0x000000000800033c                ADC1_2_IRQHandler
                0x000000000800033c                SPI1_IRQHandler
                0x000000000800033c                CAN_SCE_IRQHandler
                0x000000000800033c                DMA1_CH7_IRQHandler
                0x000000000800033c                TIM8_UP_IRQHandler
                0x000000000800033c                COMP456_IRQHandler
                0x000000000800033c                DMA1_CH6_IRQHandler
                0x000000000800033c                TIM20_TRG_COM_IRQHandler
                0x000000000800033c                ADC3_IRQHandler
                0x000000000800033c                TIM4_IRQHandler
                0x000000000800033c                CAN_RX1_IRQHandler
                0x000000000800033c                USART1_EXTI25_IRQHandler
                0x000000000800033c                DMA2_CH5_IRQHandler
                0x000000000800033c                I2C1_EV_EXTI23_IRQHandler
                0x000000000800033c                DMA1_CH3_IRQHandler
                0x000000000800033c                TIM3_IRQHandler
                0x000000000800033c                RCC_IRQHandler
                0x000000000800033c                TIM20_UP_IRQHandler
                0x000000000800033c                Default_Handler
                0x000000000800033c                EXTI15_10_IRQHandler
                0x000000000800033c                USART2_EXTI26_IRQHandler
                0x000000000800033c                USART3_EXTI28_IRQHandler
                0x000000000800033c                TIM7_IRQHandler
                0x000000000800033c                I2C3_EV_IRQHandler
                0x000000000800033c                EXTI9_5_IRQHandler
                0x000000000800033c                DMA1_CH2_IRQHandler
                0x000000000800033c                RTC_WKUP_IRQHandler
                0x000000000800033c                SPI2_IRQHandler
                0x000000000800033c                DMA1_CH1_IRQHandler
                0x000000000800033c                USB_LP_CAN_RX0_IRQHandler
                0x000000000800033c                MemManage_Handler
                0x000000000800033c                COMP123_IRQHandler
                0x000000000800033c                SVC_Handler
                0x000000000800033c                USB_LP_IRQHandler
                0x000000000800033c                EXTI4_IRQHandler
                0x000000000800033c                TIM1_TRG_COM_TIM17_IRQHandler
                0x000000000800033c                ADC4_IRQHandler
                0x000000000800033c                WWDG_IRQHandler
                0x000000000800033c                TIM2_IRQHandler
                0x000000000800033c                COMP7_IRQHandler
                0x000000000800033c                EXTI1_IRQHandler
                0x000000000800033c                RTCAlarm_IRQHandler
                0x000000000800033c                UART5_EXTI35_IRQHandler
                0x000000000800033c                TIM20_BRK_IRQHandler
                0x000000000800033c                I2C2_ER_IRQHandler
                0x000000000800033c                TIM8_BRK_IRQHandler
                0x000000000800033c                FLASH_IRQHandler
                0x000000000800033c                TIM20_CC_IRQHandler
                0x000000000800033c                BusFault_Handler
                0x000000000800033c                SPI3_IRQHandler
                0x000000000800033c                DMA2_CH3_IRQHandler
                0x000000000800033c                DMA2_CH2_IRQHandler
                0x000000000800033c                I2C1_ER_IRQHandler
                0x000000000800033c                FMC_IRQHandler
                0x000000000800033c                DMA1_CH5_IRQHandler
                0x000000000800033c                DMA2_CH4_IRQHandler
                0x000000000800033c                USB_WKUP_IRQHandler
                0x000000000800033c                EXTI2_TSC_IRQHandler
                0x000000000800033c                TIM1_BRK_TIM15_IRQHandler
 *fill*         0x000000000800033e        0x2 
 .text.ds1307_i2c_pin_config
                0x0000000008000340       0x78 ./bsp/ds1307.o
 .text.ds1307_i2c_config
                0x00000000080003b8       0x2c ./bsp/ds1307.o
 .text.ds1307_init
                0x00000000080003e4       0x3c ./bsp/ds1307.o
                0x00000000080003e4                ds1307_init
 .text.ds1307_set_current_time
                0x0000000008000420       0x8a ./bsp/ds1307.o
                0x0000000008000420                ds1307_set_current_time
 .text.ds1307_get_current_time
                0x00000000080004aa       0x64 ./bsp/ds1307.o
                0x00000000080004aa                ds1307_get_current_time
 .text.ds1307_set_current_date
                0x000000000800050e       0x60 ./bsp/ds1307.o
                0x000000000800050e                ds1307_set_current_date
 .text.ds1307_get_current_date
                0x000000000800056e       0x68 ./bsp/ds1307.o
                0x000000000800056e                ds1307_get_current_date
 *fill*         0x00000000080005d6        0x2 
 .text.ds1307_write
                0x00000000080005d8       0x38 ./bsp/ds1307.o
 .text.ds1307_read
                0x0000000008000610       0x3c ./bsp/ds1307.o
 .text.binarytobcd
                0x000000000800064c       0x58 ./bsp/ds1307.o
 .text.bcd_to_binary
                0x00000000080006a4       0x36 ./bsp/ds1307.o
 *fill*         0x00000000080006da        0x2 
 .text.lcd_send_command
                0x00000000080006dc       0x44 ./bsp/lcd.o
                0x00000000080006dc                lcd_send_command
 .text.lcd_print_char
                0x0000000008000720       0x44 ./bsp/lcd.o
                0x0000000008000720                lcd_print_char
 .text.lcd_print_string
                0x0000000008000764       0x28 ./bsp/lcd.o
                0x0000000008000764                lcd_print_string
 .text.lcd_init
                0x000000000800078c      0x114 ./bsp/lcd.o
                0x000000000800078c                lcd_init
 .text.write_4_bits
                0x00000000080008a0       0x70 ./bsp/lcd.o
 .text.lcd_display_clear
                0x0000000008000910       0x14 ./bsp/lcd.o
                0x0000000008000910                lcd_display_clear
 .text.lcd_display_return_home
                0x0000000008000924       0x14 ./bsp/lcd.o
                0x0000000008000924                lcd_display_return_home
 .text.lcd_enable
                0x0000000008000938       0x2c ./bsp/lcd.o
 .text.mdelay   0x0000000008000964       0x30 ./bsp/lcd.o
 .text.udelay   0x0000000008000994       0x28 ./bsp/lcd.o
 .text.I2C_PeripheralControl
                0x00000000080009bc       0x3c ./drivers/Src/stm32f303re_I2C_driver.o
                0x00000000080009bc                I2C_PeripheralControl
 .text.I2C_PeriClockControl
                0x00000000080009f8       0xb0 ./drivers/Src/stm32f303re_I2C_driver.o
                0x00000000080009f8                I2C_PeriClockControl
 .text.I2C_Init
                0x0000000008000aa8      0x1d4 ./drivers/Src/stm32f303re_I2C_driver.o
                0x0000000008000aa8                I2C_Init
 .text.I2C_MasterSendData
                0x0000000008000c7c       0xba ./drivers/Src/stm32f303re_I2C_driver.o
                0x0000000008000c7c                I2C_MasterSendData
 .text.I2C_MasterRecieveData
                0x0000000008000d36       0xa8 ./drivers/Src/stm32f303re_I2C_driver.o
                0x0000000008000d36                I2C_MasterRecieveData
 .text.I2C_ConfigureAddressPhaseWrite
                0x0000000008000dde       0x34 ./drivers/Src/stm32f303re_I2C_driver.o
 .text.I2C_ConfigureAddressPhaseRead
                0x0000000008000e12       0x34 ./drivers/Src/stm32f303re_I2C_driver.o
 .text.I2C_GenerateStartCondition
                0x0000000008000e46       0x1e ./drivers/Src/stm32f303re_I2C_driver.o
 .text.I2C_GenerateStopCondition
                0x0000000008000e64       0x1e ./drivers/Src/stm32f303re_I2C_driver.o
 .text.I2C_GetFlagStatus
                0x0000000008000e82       0x26 ./drivers/Src/stm32f303re_I2C_driver.o
                0x0000000008000e82                I2C_GetFlagStatus
 .text.GPIO_PeriClockControl
                0x0000000008000ea8      0x140 ./drivers/Src/stm32f303re_gpio_driver.o
                0x0000000008000ea8                GPIO_PeriClockControl
 .text.GPIO_Init
                0x0000000008000fe8      0x300 ./drivers/Src/stm32f303re_gpio_driver.o
                0x0000000008000fe8                GPIO_Init
 .text.GPIO_WriteToOutputPin
                0x00000000080012e8       0x48 ./drivers/Src/stm32f303re_gpio_driver.o
                0x00000000080012e8                GPIO_WriteToOutputPin
 .text.init_systick_timer
                0x0000000008001330       0x68 ./src/017rtc_lcd.o
                0x0000000008001330                init_systick_timer
 .text.get_day_of_week
                0x0000000008001398       0x3c ./src/017rtc_lcd.o
                0x0000000008001398                get_day_of_week
 .text.number_to_string
                0x00000000080013d4       0x74 ./src/017rtc_lcd.o
                0x00000000080013d4                number_to_string
 .text.time_to_string
                0x0000000008001448       0x54 ./src/017rtc_lcd.o
                0x0000000008001448                time_to_string
 .text.date_to_string
                0x000000000800149c       0x54 ./src/017rtc_lcd.o
                0x000000000800149c                date_to_string
 .text.mdelay   0x00000000080014f0       0x30 ./src/017rtc_lcd.o
 .text.main     0x0000000008001520      0x100 ./src/017rtc_lcd.o
                0x0000000008001520                main
 .text.SysTick_Handler
                0x0000000008001620       0x94 ./src/017rtc_lcd.o
                0x0000000008001620                SysTick_Handler
 .text.__errno  0x00000000080016b4        0xc /home/alie/st/stm32cubeide_1.9.0/plugins/com.st.stm32cube.ide.mcu.externaltools.gnu-tools-for-stm32.10.3-2021.10.linux64_1.0.100.202210260954/tools/bin/../lib/gcc/arm-none-eabi/10.3.1/../../../../arm-none-eabi/lib/thumb/v7e-m/nofp/libc_nano.a(lib_a-errno.o)
                0x00000000080016b4                __errno
 .text.__libc_init_array
                0x00000000080016c0       0x48 /home/alie/st/stm32cubeide_1.9.0/plugins/com.st.stm32cube.ide.mcu.externaltools.gnu-tools-for-stm32.10.3-2021.10.linux64_1.0.100.202210260954/tools/bin/../lib/gcc/arm-none-eabi/10.3.1/../../../../arm-none-eabi/lib/thumb/v7e-m/nofp/libc_nano.a(lib_a-init.o)
                0x00000000080016c0                __libc_init_array
 .text.memset   0x0000000008001708       0x10 /home/alie/st/stm32cubeide_1.9.0/plugins/com.st.stm32cube.ide.mcu.externaltools.gnu-tools-for-stm32.10.3-2021.10.linux64_1.0.100.202210260954/tools/bin/../lib/gcc/arm-none-eabi/10.3.1/../../../../arm-none-eabi/lib/thumb/v7e-m/nofp/libc_nano.a(lib_a-memset.o)
                0x0000000008001708                memset
 .text.printf   0x0000000008001718       0x30 /home/alie/st/stm32cubeide_1.9.0/plugins/com.st.stm32cube.ide.mcu.externaltools.gnu-tools-for-stm32.10.3-2021.10.linux64_1.0.100.202210260954/tools/bin/../lib/gcc/arm-none-eabi/10.3.1/../../../../arm-none-eabi/lib/thumb/v7e-m/nofp/libc_nano.a(lib_a-printf.o)
                0x0000000008001718                printf
                0x0000000008001718                iprintf
 .text._puts_r  0x0000000008001748       0xdc /home/alie/st/stm32cubeide_1.9.0/plugins/com.st.stm32cube.ide.mcu.externaltools.gnu-tools-for-stm32.10.3-2021.10.linux64_1.0.100.202210260954/tools/bin/../lib/gcc/arm-none-eabi/10.3.1/../../../../arm-none-eabi/lib/thumb/v7e-m/nofp/libc_nano.a(lib_a-puts.o)
                0x0000000008001748                _puts_r
 .text.puts     0x0000000008001824       0x10 /home/alie/st/stm32cubeide_1.9.0/plugins/com.st.stm32cube.ide.mcu.externaltools.gnu-tools-for-stm32.10.3-2021.10.linux64_1.0.100.202210260954/tools/bin/../lib/gcc/arm-none-eabi/10.3.1/../../../../arm-none-eabi/lib/thumb/v7e-m/nofp/libc_nano.a(lib_a-puts.o)
                0x0000000008001824                puts
 .text.__swbuf_r
                0x0000000008001834       0xa4 /home/alie/st/stm32cubeide_1.9.0/plugins/com.st.stm32cube.ide.mcu.externaltools.gnu-tools-for-stm32.10.3-2021.10.linux64_1.0.100.202210260954/tools/bin/../lib/gcc/arm-none-eabi/10.3.1/../../../../arm-none-eabi/lib/thumb/v7e-m/nofp/libc_nano.a(lib_a-wbuf.o)
                0x0000000008001834                __swbuf_r
 .text.__swsetup_r
                0x00000000080018d8       0xdc /home/alie/st/stm32cubeide_1.9.0/plugins/com.st.stm32cube.ide.mcu.externaltools.gnu-tools-for-stm32.10.3-2021.10.linux64_1.0.100.202210260954/tools/bin/../lib/gcc/arm-none-eabi/10.3.1/../../../../arm-none-eabi/lib/thumb/v7e-m/nofp/libc_nano.a(lib_a-wsetup.o)
                0x00000000080018d8                __swsetup_r
 .text.__sflush_r
                0x00000000080019b4      0x104 /home/alie/st/stm32cubeide_1.9.0/plugins/com.st.stm32cube.ide.mcu.externaltools.gnu-tools-for-stm32.10.3-2021.10.linux64_1.0.100.202210260954/tools/bin/../lib/gcc/arm-none-eabi/10.3.1/../../../../arm-none-eabi/lib/thumb/v7e-m/nofp/libc_nano.a(lib_a-fflush.o)
                0x00000000080019b4                __sflush_r
 .text._fflush_r
                0x0000000008001ab8       0x78 /home/alie/st/stm32cubeide_1.9.0/plugins/com.st.stm32cube.ide.mcu.externaltools.gnu-tools-for-stm32.10.3-2021.10.linux64_1.0.100.202210260954/tools/bin/../lib/gcc/arm-none-eabi/10.3.1/../../../../arm-none-eabi/lib/thumb/v7e-m/nofp/libc_nano.a(lib_a-fflush.o)
                0x0000000008001ab8                _fflush_r
 .text.std      0x0000000008001b30       0x48 /home/alie/st/stm32cubeide_1.9.0/plugins/com.st.stm32cube.ide.mcu.externaltools.gnu-tools-for-stm32.10.3-2021.10.linux64_1.0.100.202210260954/tools/bin/../lib/gcc/arm-none-eabi/10.3.1/../../../../arm-none-eabi/lib/thumb/v7e-m/nofp/libc_nano.a(lib_a-findfp.o)
 .text._cleanup_r
                0x0000000008001b78        0xc /home/alie/st/stm32cubeide_1.9.0/plugins/com.st.stm32cube.ide.mcu.externaltools.gnu-tools-for-stm32.10.3-2021.10.linux64_1.0.100.202210260954/tools/bin/../lib/gcc/arm-none-eabi/10.3.1/../../../../arm-none-eabi/lib/thumb/v7e-m/nofp/libc_nano.a(lib_a-findfp.o)
                0x0000000008001b78                _cleanup_r
 .text.__sfmoreglue
                0x0000000008001b84       0x2c /home/alie/st/stm32cubeide_1.9.0/plugins/com.st.stm32cube.ide.mcu.externaltools.gnu-tools-for-stm32.10.3-2021.10.linux64_1.0.100.202210260954/tools/bin/../lib/gcc/arm-none-eabi/10.3.1/../../../../arm-none-eabi/lib/thumb/v7e-m/nofp/libc_nano.a(lib_a-findfp.o)
                0x0000000008001b84                __sfmoreglue
 .text.__sfp_lock_acquire
                0x0000000008001bb0        0xc /home/alie/st/stm32cubeide_1.9.0/plugins/com.st.stm32cube.ide.mcu.externaltools.gnu-tools-for-stm32.10.3-2021.10.linux64_1.0.100.202210260954/tools/bin/../lib/gcc/arm-none-eabi/10.3.1/../../../../arm-none-eabi/lib/thumb/v7e-m/nofp/libc_nano.a(lib_a-findfp.o)
                0x0000000008001bb0                __sfp_lock_acquire
 .text.__sfp_lock_release
                0x0000000008001bbc        0xc /home/alie/st/stm32cubeide_1.9.0/plugins/com.st.stm32cube.ide.mcu.externaltools.gnu-tools-for-stm32.10.3-2021.10.linux64_1.0.100.202210260954/tools/bin/../lib/gcc/arm-none-eabi/10.3.1/../../../../arm-none-eabi/lib/thumb/v7e-m/nofp/libc_nano.a(lib_a-findfp.o)
                0x0000000008001bbc                __sfp_lock_release
 .text.__sinit_lock_acquire
                0x0000000008001bc8        0xc /home/alie/st/stm32cubeide_1.9.0/plugins/com.st.stm32cube.ide.mcu.externaltools.gnu-tools-for-stm32.10.3-2021.10.linux64_1.0.100.202210260954/tools/bin/../lib/gcc/arm-none-eabi/10.3.1/../../../../arm-none-eabi/lib/thumb/v7e-m/nofp/libc_nano.a(lib_a-findfp.o)
                0x0000000008001bc8                __sinit_lock_acquire
 .text.__sinit_lock_release
                0x0000000008001bd4        0xc /home/alie/st/stm32cubeide_1.9.0/plugins/com.st.stm32cube.ide.mcu.externaltools.gnu-tools-for-stm32.10.3-2021.10.linux64_1.0.100.202210260954/tools/bin/../lib/gcc/arm-none-eabi/10.3.1/../../../../arm-none-eabi/lib/thumb/v7e-m/nofp/libc_nano.a(lib_a-findfp.o)
                0x0000000008001bd4                __sinit_lock_release
 .text.__sinit  0x0000000008001be0       0x70 /home/alie/st/stm32cubeide_1.9.0/plugins/com.st.stm32cube.ide.mcu.externaltools.gnu-tools-for-stm32.10.3-2021.10.linux64_1.0.100.202210260954/tools/bin/../lib/gcc/arm-none-eabi/10.3.1/../../../../arm-none-eabi/lib/thumb/v7e-m/nofp/libc_nano.a(lib_a-findfp.o)
                0x0000000008001be0                __sinit
 .text.__sfp    0x0000000008001c50       0x8c /home/alie/st/stm32cubeide_1.9.0/plugins/com.st.stm32cube.ide.mcu.externaltools.gnu-tools-for-stm32.10.3-2021.10.linux64_1.0.100.202210260954/tools/bin/../lib/gcc/arm-none-eabi/10.3.1/../../../../arm-none-eabi/lib/thumb/v7e-m/nofp/libc_nano.a(lib_a-findfp.o)
                0x0000000008001c50                __sfp
 .text._fwalk_reent
                0x0000000008001cdc       0x3e /home/alie/st/stm32cubeide_1.9.0/plugins/com.st.stm32cube.ide.mcu.externaltools.gnu-tools-for-stm32.10.3-2021.10.linux64_1.0.100.202210260954/tools/bin/../lib/gcc/arm-none-eabi/10.3.1/../../../../arm-none-eabi/lib/thumb/v7e-m/nofp/libc_nano.a(lib_a-fwalk.o)
                0x0000000008001cdc                _fwalk_reent
 .text.__retarget_lock_init_recursive
                0x0000000008001d1a        0x2 /home/alie/st/stm32cubeide_1.9.0/plugins/com.st.stm32cube.ide.mcu.externaltools.gnu-tools-for-stm32.10.3-2021.10.linux64_1.0.100.202210260954/tools/bin/../lib/gcc/arm-none-eabi/10.3.1/../../../../arm-none-eabi/lib/thumb/v7e-m/nofp/libc_nano.a(lib_a-lock.o)
                0x0000000008001d1a                __retarget_lock_init_recursive
 .text.__retarget_lock_acquire_recursive
                0x0000000008001d1c        0x2 /home/alie/st/stm32cubeide_1.9.0/plugins/com.st.stm32cube.ide.mcu.externaltools.gnu-tools-for-stm32.10.3-2021.10.linux64_1.0.100.202210260954/tools/bin/../lib/gcc/arm-none-eabi/10.3.1/../../../../arm-none-eabi/lib/thumb/v7e-m/nofp/libc_nano.a(lib_a-lock.o)
                0x0000000008001d1c                __retarget_lock_acquire_recursive
 .text.__retarget_lock_release_recursive
                0x0000000008001d1e        0x2 /home/alie/st/stm32cubeide_1.9.0/plugins/com.st.stm32cube.ide.mcu.externaltools.gnu-tools-for-stm32.10.3-2021.10.linux64_1.0.100.202210260954/tools/bin/../lib/gcc/arm-none-eabi/10.3.1/../../../../arm-none-eabi/lib/thumb/v7e-m/nofp/libc_nano.a(lib_a-lock.o)
                0x0000000008001d1e                __retarget_lock_release_recursive
 .text.__swhatbuf_r
                0x0000000008001d20       0x4a /home/alie/st/stm32cubeide_1.9.0/plugins/com.st.stm32cube.ide.mcu.externaltools.gnu-tools-for-stm32.10.3-2021.10.linux64_1.0.100.202210260954/tools/bin/../lib/gcc/arm-none-eabi/10.3.1/../../../../arm-none-eabi/lib/thumb/v7e-m/nofp/libc_nano.a(lib_a-makebuf.o)
                0x0000000008001d20                __swhatbuf_r
 *fill*         0x0000000008001d6a        0x2 
 .text.__smakebuf_r
                0x0000000008001d6c       0x80 /home/alie/st/stm32cubeide_1.9.0/plugins/com.st.stm32cube.ide.mcu.externaltools.gnu-tools-for-stm32.10.3-2021.10.linux64_1.0.100.202210260954/tools/bin/../lib/gcc/arm-none-eabi/10.3.1/../../../../arm-none-eabi/lib/thumb/v7e-m/nofp/libc_nano.a(lib_a-makebuf.o)
                0x0000000008001d6c                __smakebuf_r
 .text._free_r  0x0000000008001dec       0x94 /home/alie/st/stm32cubeide_1.9.0/plugins/com.st.stm32cube.ide.mcu.externaltools.gnu-tools-for-stm32.10.3-2021.10.linux64_1.0.100.202210260954/tools/bin/../lib/gcc/arm-none-eabi/10.3.1/../../../../arm-none-eabi/lib/thumb/v7e-m/nofp/libc_nano.a(lib_a-nano-freer.o)
                0x0000000008001dec                _free_r
 .text.sbrk_aligned
                0x0000000008001e80       0x40 /home/alie/st/stm32cubeide_1.9.0/plugins/com.st.stm32cube.ide.mcu.externaltools.gnu-tools-for-stm32.10.3-2021.10.linux64_1.0.100.202210260954/tools/bin/../lib/gcc/arm-none-eabi/10.3.1/../../../../arm-none-eabi/lib/thumb/v7e-m/nofp/libc_nano.a(lib_a-nano-mallocr.o)
 .text._malloc_r
                0x0000000008001ec0       0xe8 /home/alie/st/stm32cubeide_1.9.0/plugins/com.st.stm32cube.ide.mcu.externaltools.gnu-tools-for-stm32.10.3-2021.10.linux64_1.0.100.202210260954/tools/bin/../lib/gcc/arm-none-eabi/10.3.1/../../../../arm-none-eabi/lib/thumb/v7e-m/nofp/libc_nano.a(lib_a-nano-mallocr.o)
                0x0000000008001ec0                _malloc_r
 .text.__sfputc_r
                0x0000000008001fa8       0x2a /home/alie/st/stm32cubeide_1.9.0/plugins/com.st.stm32cube.ide.mcu.externaltools.gnu-tools-for-stm32.10.3-2021.10.linux64_1.0.100.202210260954/tools/bin/../lib/gcc/arm-none-eabi/10.3.1/../../../../arm-none-eabi/lib/thumb/v7e-m/nofp/libc_nano.a(lib_a-nano-vfprintf.o)
 .text.__sfputs_r
                0x0000000008001fd2       0x24 /home/alie/st/stm32cubeide_1.9.0/plugins/com.st.stm32cube.ide.mcu.externaltools.gnu-tools-for-stm32.10.3-2021.10.linux64_1.0.100.202210260954/tools/bin/../lib/gcc/arm-none-eabi/10.3.1/../../../../arm-none-eabi/lib/thumb/v7e-m/nofp/libc_nano.a(lib_a-nano-vfprintf.o)
                0x0000000008001fd2                __sfputs_r
 *fill*         0x0000000008001ff6        0x2 
 .text._vfprintf_r
                0x0000000008001ff8      0x260 /home/alie/st/stm32cubeide_1.9.0/plugins/com.st.stm32cube.ide.mcu.externaltools.gnu-tools-for-stm32.10.3-2021.10.linux64_1.0.100.202210260954/tools/bin/../lib/gcc/arm-none-eabi/10.3.1/../../../../arm-none-eabi/lib/thumb/v7e-m/nofp/libc_nano.a(lib_a-nano-vfprintf.o)
                0x0000000008001ff8                _vfiprintf_r
                0x0000000008001ff8                _vfprintf_r
 .text._printf_common
                0x0000000008002258       0xda /home/alie/st/stm32cubeide_1.9.0/plugins/com.st.stm32cube.ide.mcu.externaltools.gnu-tools-for-stm32.10.3-2021.10.linux64_1.0.100.202210260954/tools/bin/../lib/gcc/arm-none-eabi/10.3.1/../../../../arm-none-eabi/lib/thumb/v7e-m/nofp/libc_nano.a(lib_a-nano-vfprintf_i.o)
                0x0000000008002258                _printf_common
 *fill*         0x0000000008002332        0x2 
 .text._printf_i
                0x0000000008002334      0x24c /home/alie/st/stm32cubeide_1.9.0/plugins/com.st.stm32cube.ide.mcu.externaltools.gnu-tools-for-stm32.10.3-2021.10.linux64_1.0.100.202210260954/tools/bin/../lib/gcc/arm-none-eabi/10.3.1/../../../../arm-none-eabi/lib/thumb/v7e-m/nofp/libc_nano.a(lib_a-nano-vfprintf_i.o)
                0x0000000008002334                _printf_i
 .text._sbrk_r  0x0000000008002580       0x20 /home/alie/st/stm32cubeide_1.9.0/plugins/com.st.stm32cube.ide.mcu.externaltools.gnu-tools-for-stm32.10.3-2021.10.linux64_1.0.100.202210260954/tools/bin/../lib/gcc/arm-none-eabi/10.3.1/../../../../arm-none-eabi/lib/thumb/v7e-m/nofp/libc_nano.a(lib_a-sbrkr.o)
                0x0000000008002580                _sbrk_r
 .text.__sread  0x00000000080025a0       0x22 /home/alie/st/stm32cubeide_1.9.0/plugins/com.st.stm32cube.ide.mcu.externaltools.gnu-tools-for-stm32.10.3-2021.10.linux64_1.0.100.202210260954/tools/bin/../lib/gcc/arm-none-eabi/10.3.1/../../../../arm-none-eabi/lib/thumb/v7e-m/nofp/libc_nano.a(lib_a-stdio.o)
                0x00000000080025a0                __sread
 .text.__swrite
                0x00000000080025c2       0x38 /home/alie/st/stm32cubeide_1.9.0/plugins/com.st.stm32cube.ide.mcu.externaltools.gnu-tools-for-stm32.10.3-2021.10.linux64_1.0.100.202210260954/tools/bin/../lib/gcc/arm-none-eabi/10.3.1/../../../../arm-none-eabi/lib/thumb/v7e-m/nofp/libc_nano.a(lib_a-stdio.o)
                0x00000000080025c2                __swrite
 .text.__sseek  0x00000000080025fa       0x24 /home/alie/st/stm32cubeide_1.9.0/plugins/com.st.stm32cube.ide.mcu.externaltools.gnu-tools-for-stm32.10.3-2021.10.linux64_1.0.100.202210260954/tools/bin/../lib/gcc/arm-none-eabi/10.3.1/../../../../arm-none-eabi/lib/thumb/v7e-m/nofp/libc_nano.a(lib_a-stdio.o)
                0x00000000080025fa                __sseek
 .text.__sclose
                0x000000000800261e        0x8 /home/alie/st/stm32cubeide_1.9.0/plugins/com.st.stm32cube.ide.mcu.externaltools.gnu-tools-for-stm32.10.3-2021.10.linux64_1.0.100.202210260954/tools/bin/../lib/gcc/arm-none-eabi/10.3.1/../../../../arm-none-eabi/lib/thumb/v7e-m/nofp/libc_nano.a(lib_a-stdio.o)
                0x000000000800261e                __sclose
 *fill*         0x0000000008002626        0x2 
 .text._write_r
                0x0000000008002628       0x24 /home/alie/st/stm32cubeide_1.9.0/plugins/com.st.stm32cube.ide.mcu.externaltools.gnu-tools-for-stm32.10.3-2021.10.linux64_1.0.100.202210260954/tools/bin/../lib/gcc/arm-none-eabi/10.3.1/../../../../arm-none-eabi/lib/thumb/v7e-m/nofp/libc_nano.a(lib_a-writer.o)
                0x0000000008002628                _write_r
 .text._close_r
                0x000000000800264c       0x20 /home/alie/st/stm32cubeide_1.9.0/plugins/com.st.stm32cube.ide.mcu.externaltools.gnu-tools-for-stm32.10.3-2021.10.linux64_1.0.100.202210260954/tools/bin/../lib/gcc/arm-none-eabi/10.3.1/../../../../arm-none-eabi/lib/thumb/v7e-m/nofp/libc_nano.a(lib_a-closer.o)
                0x000000000800264c                _close_r
 .text._fstat_r
                0x000000000800266c       0x24 /home/alie/st/stm32cubeide_1.9.0/plugins/com.st.stm32cube.ide.mcu.externaltools.gnu-tools-for-stm32.10.3-2021.10.linux64_1.0.100.202210260954/tools/bin/../lib/gcc/arm-none-eabi/10.3.1/../../../../arm-none-eabi/lib/thumb/v7e-m/nofp/libc_nano.a(lib_a-fstatr.o)
                0x000000000800266c                _fstat_r
 .text._isatty_r
                0x0000000008002690       0x20 /home/alie/st/stm32cubeide_1.9.0/plugins/com.st.stm32cube.ide.mcu.externaltools.gnu-tools-for-stm32.10.3-2021.10.linux64_1.0.100.202210260954/tools/bin/../lib/gcc/arm-none-eabi/10.3.1/../../../../arm-none-eabi/lib/thumb/v7e-m/nofp/libc_nano.a(lib_a-isattyr.o)
                0x0000000008002690                _isatty_r
 .text._lseek_r
                0x00000000080026b0       0x24 /home/alie/st/stm32cubeide_1.9.0/plugins/com.st.stm32cube.ide.mcu.externaltools.gnu-tools-for-stm32.10.3-2021.10.linux64_1.0.100.202210260954/tools/bin/../lib/gcc/arm-none-eabi/10.3.1/../../../../arm-none-eabi/lib/thumb/v7e-m/nofp/libc_nano.a(lib_a-lseekr.o)
                0x00000000080026b0                _lseek_r
 .text.__malloc_lock
                0x00000000080026d4        0xc /home/alie/st/stm32cubeide_1.9.0/plugins/com.st.stm32cube.ide.mcu.externaltools.gnu-tools-for-stm32.10.3-2021.10.linux64_1.0.100.202210260954/tools/bin/../lib/gcc/arm-none-eabi/10.3.1/../../../../arm-none-eabi/lib/thumb/v7e-m/nofp/libc_nano.a(lib_a-mlock.o)
                0x00000000080026d4                __malloc_lock
 .text.__malloc_unlock
                0x00000000080026e0        0xc /home/alie/st/stm32cubeide_1.9.0/plugins/com.st.stm32cube.ide.mcu.externaltools.gnu-tools-for-stm32.10.3-2021.10.linux64_1.0.100.202210260954/tools/bin/../lib/gcc/arm-none-eabi/10.3.1/../../../../arm-none-eabi/lib/thumb/v7e-m/nofp/libc_nano.a(lib_a-mlock.o)
                0x00000000080026e0                __malloc_unlock
 .text._read_r  0x00000000080026ec       0x24 /home/alie/st/stm32cubeide_1.9.0/plugins/com.st.stm32cube.ide.mcu.externaltools.gnu-tools-for-stm32.10.3-2021.10.linux64_1.0.100.202210260954/tools/bin/../lib/gcc/arm-none-eabi/10.3.1/../../../../arm-none-eabi/lib/thumb/v7e-m/nofp/libc_nano.a(lib_a-readr.o)
                0x00000000080026ec                _read_r
 .text.findslot
                0x0000000008002710       0x34 /home/alie/st/stm32cubeide_1.9.0/plugins/com.st.stm32cube.ide.mcu.externaltools.gnu-tools-for-stm32.10.3-2021.10.linux64_1.0.100.202210260954/tools/bin/../lib/gcc/arm-none-eabi/10.3.1/../../../../arm-none-eabi/lib/thumb/v7e-m/nofp/librdimon_nano.a(rdimon-syscalls.o)
 .text.error    0x0000000008002744       0x1c /home/alie/st/stm32cubeide_1.9.0/plugins/com.st.stm32cube.ide.mcu.externaltools.gnu-tools-for-stm32.10.3-2021.10.linux64_1.0.100.202210260954/tools/bin/../lib/gcc/arm-none-eabi/10.3.1/../../../../arm-none-eabi/lib/thumb/v7e-m/nofp/librdimon_nano.a(rdimon-syscalls.o)
 .text.checkerror
                0x0000000008002760        0xa /home/alie/st/stm32cubeide_1.9.0/plugins/com.st.stm32cube.ide.mcu.externaltools.gnu-tools-for-stm32.10.3-2021.10.linux64_1.0.100.202210260954/tools/bin/../lib/gcc/arm-none-eabi/10.3.1/../../../../arm-none-eabi/lib/thumb/v7e-m/nofp/librdimon_nano.a(rdimon-syscalls.o)
 .text._swiread
                0x000000000800276a       0x20 /home/alie/st/stm32cubeide_1.9.0/plugins/com.st.stm32cube.ide.mcu.externaltools.gnu-tools-for-stm32.10.3-2021.10.linux64_1.0.100.202210260954/tools/bin/../lib/gcc/arm-none-eabi/10.3.1/../../../../arm-none-eabi/lib/thumb/v7e-m/nofp/librdimon_nano.a(rdimon-syscalls.o)
                0x000000000800276a                _swiread
 .text._read    0x000000000800278a       0x34 /home/alie/st/stm32cubeide_1.9.0/plugins/com.st.stm32cube.ide.mcu.externaltools.gnu-tools-for-stm32.10.3-2021.10.linux64_1.0.100.202210260954/tools/bin/../lib/gcc/arm-none-eabi/10.3.1/../../../../arm-none-eabi/lib/thumb/v7e-m/nofp/librdimon_nano.a(rdimon-syscalls.o)
                0x000000000800278a                _read
 .text._swilseek
                0x00000000080027be       0x78 /home/alie/st/stm32cubeide_1.9.0/plugins/com.st.stm32cube.ide.mcu.externaltools.gnu-tools-for-stm32.10.3-2021.10.linux64_1.0.100.202210260954/tools/bin/../lib/gcc/arm-none-eabi/10.3.1/../../../../arm-none-eabi/lib/thumb/v7e-m/nofp/librdimon_nano.a(rdimon-syscalls.o)
                0x00000000080027be                _swilseek
 .text._lseek   0x0000000008002836        0x4 /home/alie/st/stm32cubeide_1.9.0/plugins/com.st.stm32cube.ide.mcu.externaltools.gnu-tools-for-stm32.10.3-2021.10.linux64_1.0.100.202210260954/tools/bin/../lib/gcc/arm-none-eabi/10.3.1/../../../../arm-none-eabi/lib/thumb/v7e-m/nofp/librdimon_nano.a(rdimon-syscalls.o)
                0x0000000008002836                _lseek
 .text._swiwrite
                0x000000000800283a       0x20 /home/alie/st/stm32cubeide_1.9.0/plugins/com.st.stm32cube.ide.mcu.externaltools.gnu-tools-for-stm32.10.3-2021.10.linux64_1.0.100.202210260954/tools/bin/../lib/gcc/arm-none-eabi/10.3.1/../../../../arm-none-eabi/lib/thumb/v7e-m/nofp/librdimon_nano.a(rdimon-syscalls.o)
                0x000000000800283a                _swiwrite
 .text._write   0x000000000800285a       0x40 /home/alie/st/stm32cubeide_1.9.0/plugins/com.st.stm32cube.ide.mcu.externaltools.gnu-tools-for-stm32.10.3-2021.10.linux64_1.0.100.202210260954/tools/bin/../lib/gcc/arm-none-eabi/10.3.1/../../../../arm-none-eabi/lib/thumb/v7e-m/nofp/librdimon_nano.a(rdimon-syscalls.o)
                0x000000000800285a                _write
 .text._swiclose
                0x000000000800289a       0x1a /home/alie/st/stm32cubeide_1.9.0/plugins/com.st.stm32cube.ide.mcu.externaltools.gnu-tools-for-stm32.10.3-2021.10.linux64_1.0.100.202210260954/tools/bin/../lib/gcc/arm-none-eabi/10.3.1/../../../../arm-none-eabi/lib/thumb/v7e-m/nofp/librdimon_nano.a(rdimon-syscalls.o)
                0x000000000800289a                _swiclose
 .text._close   0x00000000080028b4       0x4c /home/alie/st/stm32cubeide_1.9.0/plugins/com.st.stm32cube.ide.mcu.externaltools.gnu-tools-for-stm32.10.3-2021.10.linux64_1.0.100.202210260954/tools/bin/../lib/gcc/arm-none-eabi/10.3.1/../../../../arm-none-eabi/lib/thumb/v7e-m/nofp/librdimon_nano.a(rdimon-syscalls.o)
                0x00000000080028b4                _close
 .text._swistat
                0x0000000008002900       0x42 /home/alie/st/stm32cubeide_1.9.0/plugins/com.st.stm32cube.ide.mcu.externaltools.gnu-tools-for-stm32.10.3-2021.10.linux64_1.0.100.202210260954/tools/bin/../lib/gcc/arm-none-eabi/10.3.1/../../../../arm-none-eabi/lib/thumb/v7e-m/nofp/librdimon_nano.a(rdimon-syscalls.o)
                0x0000000008002900                _swistat
 .text._fstat   0x0000000008002942       0x1c /home/alie/st/stm32cubeide_1.9.0/plugins/com.st.stm32cube.ide.mcu.externaltools.gnu-tools-for-stm32.10.3-2021.10.linux64_1.0.100.202210260954/tools/bin/../lib/gcc/arm-none-eabi/10.3.1/../../../../arm-none-eabi/lib/thumb/v7e-m/nofp/librdimon_nano.a(rdimon-syscalls.o)
                0x0000000008002942                _fstat
 .text._isatty  0x000000000800295e       0x38 /home/alie/st/stm32cubeide_1.9.0/plugins/com.st.stm32cube.ide.mcu.externaltools.gnu-tools-for-stm32.10.3-2021.10.linux64_1.0.100.202210260954/tools/bin/../lib/gcc/arm-none-eabi/10.3.1/../../../../arm-none-eabi/lib/thumb/v7e-m/nofp/librdimon_nano.a(rdimon-syscalls.o)
                0x000000000800295e                _isatty
 *(.glue_7)
 .glue_7        0x0000000008002996        0x0 linker stubs
 *(.glue_7t)
 .glue_7t       0x0000000008002996        0x0 linker stubs
 *(.eh_frame)
 *fill*         0x0000000008002996        0x2 
 .eh_frame      0x0000000008002998        0x0 /home/alie/st/stm32cubeide_1.9.0/plugins/com.st.stm32cube.ide.mcu.externaltools.gnu-tools-for-stm32.10.3-2021.10.linux64_1.0.100.202210260954/tools/bin/../lib/gcc/arm-none-eabi/10.3.1/thumb/v7e-m/nofp/crtbegin.o
 *(.init)
 .init          0x0000000008002998        0x4 /home/alie/st/stm32cubeide_1.9.0/plugins/com.st.stm32cube.ide.mcu.externaltools.gnu-tools-for-stm32.10.3-2021.10.linux64_1.0.100.202210260954/tools/bin/../lib/gcc/arm-none-eabi/10.3.1/thumb/v7e-m/nofp/crti.o
                0x0000000008002998                _init
 .init          0x000000000800299c        0x8 /home/alie/st/stm32cubeide_1.9.0/plugins/com.st.stm32cube.ide.mcu.externaltools.gnu-tools-for-stm32.10.3-2021.10.linux64_1.0.100.202210260954/tools/bin/../lib/gcc/arm-none-eabi/10.3.1/thumb/v7e-m/nofp/crtn.o
 *(.fini)
 .fini          0x00000000080029a4        0x4 /home/alie/st/stm32cubeide_1.9.0/plugins/com.st.stm32cube.ide.mcu.externaltools.gnu-tools-for-stm32.10.3-2021.10.linux64_1.0.100.202210260954/tools/bin/../lib/gcc/arm-none-eabi/10.3.1/thumb/v7e-m/nofp/crti.o
                0x00000000080029a4                _fini
 .fini          0x00000000080029a8        0x8 /home/alie/st/stm32cubeide_1.9.0/plugins/com.st.stm32cube.ide.mcu.externaltools.gnu-tools-for-stm32.10.3-2021.10.linux64_1.0.100.202210260954/tools/bin/../lib/gcc/arm-none-eabi/10.3.1/thumb/v7e-m/nofp/crtn.o
                0x00000000080029b0                . = ALIGN (0x4)
                0x00000000080029b0                _etext = .

.vfp11_veneer   0x00000000080029b0        0x0
 .vfp11_veneer  0x00000000080029b0        0x0 linker stubs

.v4_bx          0x00000000080029b0        0x0
 .v4_bx         0x00000000080029b0        0x0 linker stubs

.iplt           0x00000000080029b0        0x0
 .iplt          0x00000000080029b0        0x0 /home/alie/st/stm32cubeide_1.9.0/plugins/com.st.stm32cube.ide.mcu.externaltools.gnu-tools-for-stm32.10.3-2021.10.linux64_1.0.100.202210260954/tools/bin/../lib/gcc/arm-none-eabi/10.3.1/thumb/v7e-m/nofp/crtbegin.o

.rodata         0x00000000080029b0      0x170
                0x00000000080029b0                . = ALIGN (0x4)
 *(.rodata)
 .rodata        0x00000000080029b0       0xd8 ./src/017rtc_lcd.o
 *(.rodata*)
 .rodata._global_impure_ptr
                0x0000000008002a88        0x4 /home/alie/st/stm32cubeide_1.9.0/plugins/com.st.stm32cube.ide.mcu.externaltools.gnu-tools-for-stm32.10.3-2021.10.linux64_1.0.100.202210260954/tools/bin/../lib/gcc/arm-none-eabi/10.3.1/../../../../arm-none-eabi/lib/thumb/v7e-m/nofp/libc_nano.a(lib_a-impure.o)
                0x0000000008002a88                _global_impure_ptr
 .rodata.__sf_fake_stderr
                0x0000000008002a8c       0x20 /home/alie/st/stm32cubeide_1.9.0/plugins/com.st.stm32cube.ide.mcu.externaltools.gnu-tools-for-stm32.10.3-2021.10.linux64_1.0.100.202210260954/tools/bin/../lib/gcc/arm-none-eabi/10.3.1/../../../../arm-none-eabi/lib/thumb/v7e-m/nofp/libc_nano.a(lib_a-findfp.o)
                0x0000000008002a8c                __sf_fake_stderr
 .rodata.__sf_fake_stdin
                0x0000000008002aac       0x20 /home/alie/st/stm32cubeide_1.9.0/plugins/com.st.stm32cube.ide.mcu.externaltools.gnu-tools-for-stm32.10.3-2021.10.linux64_1.0.100.202210260954/tools/bin/../lib/gcc/arm-none-eabi/10.3.1/../../../../arm-none-eabi/lib/thumb/v7e-m/nofp/libc_nano.a(lib_a-findfp.o)
                0x0000000008002aac                __sf_fake_stdin
 .rodata.__sf_fake_stdout
                0x0000000008002acc       0x20 /home/alie/st/stm32cubeide_1.9.0/plugins/com.st.stm32cube.ide.mcu.externaltools.gnu-tools-for-stm32.10.3-2021.10.linux64_1.0.100.202210260954/tools/bin/../lib/gcc/arm-none-eabi/10.3.1/../../../../arm-none-eabi/lib/thumb/v7e-m/nofp/libc_nano.a(lib_a-findfp.o)
                0x0000000008002acc                __sf_fake_stdout
 .rodata._vfprintf_r.str1.1
                0x0000000008002aec       0x11 /home/alie/st/stm32cubeide_1.9.0/plugins/com.st.stm32cube.ide.mcu.externaltools.gnu-tools-for-stm32.10.3-2021.10.linux64_1.0.100.202210260954/tools/bin/../lib/gcc/arm-none-eabi/10.3.1/../../../../arm-none-eabi/lib/thumb/v7e-m/nofp/libc_nano.a(lib_a-nano-vfprintf.o)
 .rodata._printf_i.str1.1
                0x0000000008002afd       0x22 /home/alie/st/stm32cubeide_1.9.0/plugins/com.st.stm32cube.ide.mcu.externaltools.gnu-tools-for-stm32.10.3-2021.10.linux64_1.0.100.202210260954/tools/bin/../lib/gcc/arm-none-eabi/10.3.1/../../../../arm-none-eabi/lib/thumb/v7e-m/nofp/libc_nano.a(lib_a-nano-vfprintf_i.o)
                0x0000000008002b20                . = ALIGN (0x4)
 *fill*         0x0000000008002b1f        0x1 

.rel.dyn        0x0000000008002b20        0x0
 .rel.iplt      0x0000000008002b20        0x0 /home/alie/st/stm32cubeide_1.9.0/plugins/com.st.stm32cube.ide.mcu.externaltools.gnu-tools-for-stm32.10.3-2021.10.linux64_1.0.100.202210260954/tools/bin/../lib/gcc/arm-none-eabi/10.3.1/thumb/v7e-m/nofp/crtbegin.o

.ARM.extab      0x0000000008002b20        0x0
                0x0000000008002b20                . = ALIGN (0x4)
 *(.ARM.extab* .gnu.linkonce.armextab.*)
                0x0000000008002b20                . = ALIGN (0x4)

.ARM            0x0000000008002b20        0x0
                0x0000000008002b20                . = ALIGN (0x4)
                0x0000000008002b20                __exidx_start = .
 *(.ARM.exidx*)
                0x0000000008002b20                __exidx_end = .
                0x0000000008002b20                . = ALIGN (0x4)

.preinit_array  0x0000000008002b20        0x0
                0x0000000008002b20                . = ALIGN (0x4)
                0x0000000008002b20                PROVIDE (__preinit_array_start = .)
 *(.preinit_array*)
                0x0000000008002b20                PROVIDE (__preinit_array_end = .)
                0x0000000008002b20                . = ALIGN (0x4)

.init_array     0x0000000008002b20        0x4
                0x0000000008002b20                . = ALIGN (0x4)
                0x0000000008002b20                PROVIDE (__init_array_start = .)
 *(SORT_BY_NAME(.init_array.*))
 *(.init_array*)
 .init_array    0x0000000008002b20        0x4 /home/alie/st/stm32cubeide_1.9.0/plugins/com.st.stm32cube.ide.mcu.externaltools.gnu-tools-for-stm32.10.3-2021.10.linux64_1.0.100.202210260954/tools/bin/../lib/gcc/arm-none-eabi/10.3.1/thumb/v7e-m/nofp/crtbegin.o
                0x0000000008002b24                PROVIDE (__init_array_end = .)
                0x0000000008002b24                . = ALIGN (0x4)

.fini_array     0x0000000008002b24        0x4
                0x0000000008002b24                . = ALIGN (0x4)
                [!provide]                        PROVIDE (__fini_array_start = .)
 *(SORT_BY_NAME(.fini_array.*))
 *(.fini_array*)
 .fini_array    0x0000000008002b24        0x4 /home/alie/st/stm32cubeide_1.9.0/plugins/com.st.stm32cube.ide.mcu.externaltools.gnu-tools-for-stm32.10.3-2021.10.linux64_1.0.100.202210260954/tools/bin/../lib/gcc/arm-none-eabi/10.3.1/thumb/v7e-m/nofp/crtbegin.o
                [!provide]                        PROVIDE (__fini_array_end = .)
                0x0000000008002b28                . = ALIGN (0x4)
                0x0000000008002b28                _sidata = LOADADDR (.data)

.data           0x0000000020000000       0x64 load address 0x0000000008002b28
                0x0000000020000000                . = ALIGN (0x4)
                0x0000000020000000                _sdata = .
 *(.data)
 *(.data*)
 .data._impure_ptr
                0x0000000020000000        0x4 /home/alie/st/stm32cubeide_1.9.0/plugins/com.st.stm32cube.ide.mcu.externaltools.gnu-tools-for-stm32.10.3-2021.10.linux64_1.0.100.202210260954/tools/bin/../lib/gcc/arm-none-eabi/10.3.1/../../../../arm-none-eabi/lib/thumb/v7e-m/nofp/libc_nano.a(lib_a-impure.o)
                0x0000000020000000                _impure_ptr
 .data.impure_data
                0x0000000020000004       0x60 /home/alie/st/stm32cubeide_1.9.0/plugins/com.st.stm32cube.ide.mcu.externaltools.gnu-tools-for-stm32.10.3-2021.10.linux64_1.0.100.202210260954/tools/bin/../lib/gcc/arm-none-eabi/10.3.1/../../../../arm-none-eabi/lib/thumb/v7e-m/nofp/libc_nano.a(lib_a-impure.o)
 *(.RamFunc)
 *(.RamFunc*)
                0x0000000020000064                . = ALIGN (0x4)
                0x0000000020000064                _edata = .
                0x0000000008002b8c                _siccmram = LOADADDR (.ccmram)

.igot.plt       0x0000000020000064        0x0 load address 0x0000000008002b8c
 .igot.plt      0x0000000020000064        0x0 /home/alie/st/stm32cubeide_1.9.0/plugins/com.st.stm32cube.ide.mcu.externaltools.gnu-tools-for-stm32.10.3-2021.10.linux64_1.0.100.202210260954/tools/bin/../lib/gcc/arm-none-eabi/10.3.1/thumb/v7e-m/nofp/crtbegin.o

.ccmram         0x0000000010000000        0x0 load address 0x0000000008002b8c
                0x0000000010000000                . = ALIGN (0x4)
                0x0000000010000000                _sccmram = .
 *(.ccmram)
 *(.ccmram*)
                0x0000000010000000                . = ALIGN (0x4)
                0x0000000010000000                _eccmram = .
                0x0000000010000000                . = ALIGN (0x4)

.bss            0x0000000020000064      0x108
                0x0000000020000064                _sbss = .
                0x0000000020000064                __bss_start__ = _sbss
 *(.bss)
 .bss           0x0000000020000064       0x1c /home/alie/st/stm32cubeide_1.9.0/plugins/com.st.stm32cube.ide.mcu.externaltools.gnu-tools-for-stm32.10.3-2021.10.linux64_1.0.100.202210260954/tools/bin/../lib/gcc/arm-none-eabi/10.3.1/thumb/v7e-m/nofp/crtbegin.o
 *(.bss*)
 .bss.__sbrk_heap_end
                0x0000000020000080        0x4 ./Src/sysmem.o
 .bss.g_ds1307I2CHandle
                0x0000000020000084       0x24 ./bsp/ds1307.o
                0x0000000020000084                g_ds1307I2CHandle
 .bss.buf.1     0x00000000200000a8        0x9 ./src/017rtc_lcd.o
 *fill*         0x00000000200000b1        0x3 
 .bss.buf.0     0x00000000200000b4        0x9 ./src/017rtc_lcd.o
 .bss.__lock___malloc_recursive_mutex
                0x00000000200000bd        0x1 /home/alie/st/stm32cubeide_1.9.0/plugins/com.st.stm32cube.ide.mcu.externaltools.gnu-tools-for-stm32.10.3-2021.10.linux64_1.0.100.202210260954/tools/bin/../lib/gcc/arm-none-eabi/10.3.1/../../../../arm-none-eabi/lib/thumb/v7e-m/nofp/libc_nano.a(lib_a-lock.o)
                0x00000000200000bd                __lock___malloc_recursive_mutex
 .bss.__lock___sfp_recursive_mutex
                0x00000000200000be        0x1 /home/alie/st/stm32cubeide_1.9.0/plugins/com.st.stm32cube.ide.mcu.externaltools.gnu-tools-for-stm32.10.3-2021.10.linux64_1.0.100.202210260954/tools/bin/../lib/gcc/arm-none-eabi/10.3.1/../../../../arm-none-eabi/lib/thumb/v7e-m/nofp/libc_nano.a(lib_a-lock.o)
                0x00000000200000be                __lock___sfp_recursive_mutex
 .bss.__lock___sinit_recursive_mutex
                0x00000000200000bf        0x1 /home/alie/st/stm32cubeide_1.9.0/plugins/com.st.stm32cube.ide.mcu.externaltools.gnu-tools-for-stm32.10.3-2021.10.linux64_1.0.100.202210260954/tools/bin/../lib/gcc/arm-none-eabi/10.3.1/../../../../arm-none-eabi/lib/thumb/v7e-m/nofp/libc_nano.a(lib_a-lock.o)
                0x00000000200000bf                __lock___sinit_recursive_mutex
 .bss.__malloc_free_list
                0x00000000200000c0        0x4 /home/alie/st/stm32cubeide_1.9.0/plugins/com.st.stm32cube.ide.mcu.externaltools.gnu-tools-for-stm32.10.3-2021.10.linux64_1.0.100.202210260954/tools/bin/../lib/gcc/arm-none-eabi/10.3.1/../../../../arm-none-eabi/lib/thumb/v7e-m/nofp/libc_nano.a(lib_a-nano-mallocr.o)
                0x00000000200000c0                __malloc_free_list
 .bss.__malloc_sbrk_start
                0x00000000200000c4        0x4 /home/alie/st/stm32cubeide_1.9.0/plugins/com.st.stm32cube.ide.mcu.externaltools.gnu-tools-for-stm32.10.3-2021.10.linux64_1.0.100.202210260954/tools/bin/../lib/gcc/arm-none-eabi/10.3.1/../../../../arm-none-eabi/lib/thumb/v7e-m/nofp/libc_nano.a(lib_a-nano-mallocr.o)
                0x00000000200000c4                __malloc_sbrk_start
 .bss.errno     0x00000000200000c8        0x4 /home/alie/st/stm32cubeide_1.9.0/plugins/com.st.stm32cube.ide.mcu.externaltools.gnu-tools-for-stm32.10.3-2021.10.linux64_1.0.100.202210260954/tools/bin/../lib/gcc/arm-none-eabi/10.3.1/../../../../arm-none-eabi/lib/thumb/v7e-m/nofp/libc_nano.a(lib_a-reent.o)
                0x00000000200000c8                errno
 .bss.openfiles
                0x00000000200000cc       0xa0 /home/alie/st/stm32cubeide_1.9.0/plugins/com.st.stm32cube.ide.mcu.externaltools.gnu-tools-for-stm32.10.3-2021.10.linux64_1.0.100.202210260954/tools/bin/../lib/gcc/arm-none-eabi/10.3.1/../../../../arm-none-eabi/lib/thumb/v7e-m/nofp/librdimon_nano.a(rdimon-syscalls.o)
 *(COMMON)
                0x000000002000016c                . = ALIGN (0x4)
                0x000000002000016c                _ebss = .
                0x000000002000016c                __bss_end__ = _ebss

._user_heap_stack
                0x000000002000016c      0x604
                0x0000000020000170                . = ALIGN (0x8)
 *fill*         0x000000002000016c        0x4 
                0x0000000020000170                PROVIDE (end = .)
                0x0000000020000170                PROVIDE (_end = .)
                0x0000000020000370                . = (. + _Min_Heap_Size)
 *fill*         0x0000000020000170      0x200 
                0x0000000020000770                . = (. + _Min_Stack_Size)
 *fill*         0x0000000020000370      0x400 
                0x0000000020000770                . = ALIGN (0x8)

/DISCARD/
 libc.a(*)
 libm.a(*)
 libgcc.a(*)

.ARM.attributes
                0x0000000000000000       0x2a
 *(.ARM.attributes)
 .ARM.attributes
                0x0000000000000000       0x1e /home/alie/st/stm32cubeide_1.9.0/plugins/com.st.stm32cube.ide.mcu.externaltools.gnu-tools-for-stm32.10.3-2021.10.linux64_1.0.100.202210260954/tools/bin/../lib/gcc/arm-none-eabi/10.3.1/thumb/v7e-m/nofp/crti.o
 .ARM.attributes
                0x000000000000001e       0x2e /home/alie/st/stm32cubeide_1.9.0/plugins/com.st.stm32cube.ide.mcu.externaltools.gnu-tools-for-stm32.10.3-2021.10.linux64_1.0.100.202210260954/tools/bin/../lib/gcc/arm-none-eabi/10.3.1/thumb/v7e-m/nofp/crtbegin.o
 .ARM.attributes
                0x000000000000004c       0x2e ./Src/sysmem.o
 .ARM.attributes
                0x000000000000007a       0x21 ./Startup/startup_stm32f303retx.o
 .ARM.attributes
                0x000000000000009b       0x2e ./bsp/ds1307.o
 .ARM.attributes
                0x00000000000000c9       0x2e ./bsp/lcd.o
 .ARM.attributes
                0x00000000000000f7       0x2e ./drivers/Src/stm32f303re_I2C_driver.o
 .ARM.attributes
                0x0000000000000125       0x2e ./drivers/Src/stm32f303re_gpio_driver.o
 .ARM.attributes
                0x0000000000000153       0x2e ./src/017rtc_lcd.o
 .ARM.attributes
                0x0000000000000181       0x2e /home/alie/st/stm32cubeide_1.9.0/plugins/com.st.stm32cube.ide.mcu.externaltools.gnu-tools-for-stm32.10.3-2021.10.linux64_1.0.100.202210260954/tools/bin/../lib/gcc/arm-none-eabi/10.3.1/../../../../arm-none-eabi/lib/thumb/v7e-m/nofp/libc_nano.a(lib_a-errno.o)
 .ARM.attributes
                0x00000000000001af       0x2e /home/alie/st/stm32cubeide_1.9.0/plugins/com.st.stm32cube.ide.mcu.externaltools.gnu-tools-for-stm32.10.3-2021.10.linux64_1.0.100.202210260954/tools/bin/../lib/gcc/arm-none-eabi/10.3.1/../../../../arm-none-eabi/lib/thumb/v7e-m/nofp/libc_nano.a(lib_a-impure.o)
 .ARM.attributes
                0x00000000000001dd       0x2e /home/alie/st/stm32cubeide_1.9.0/plugins/com.st.stm32cube.ide.mcu.externaltools.gnu-tools-for-stm32.10.3-2021.10.linux64_1.0.100.202210260954/tools/bin/../lib/gcc/arm-none-eabi/10.3.1/../../../../arm-none-eabi/lib/thumb/v7e-m/nofp/libc_nano.a(lib_a-init.o)
 .ARM.attributes
                0x000000000000020b       0x2e /home/alie/st/stm32cubeide_1.9.0/plugins/com.st.stm32cube.ide.mcu.externaltools.gnu-tools-for-stm32.10.3-2021.10.linux64_1.0.100.202210260954/tools/bin/../lib/gcc/arm-none-eabi/10.3.1/../../../../arm-none-eabi/lib/thumb/v7e-m/nofp/libc_nano.a(lib_a-memset.o)
 .ARM.attributes
                0x0000000000000239       0x2e /home/alie/st/stm32cubeide_1.9.0/plugins/com.st.stm32cube.ide.mcu.externaltools.gnu-tools-for-stm32.10.3-2021.10.linux64_1.0.100.202210260954/tools/bin/../lib/gcc/arm-none-eabi/10.3.1/../../../../arm-none-eabi/lib/thumb/v7e-m/nofp/libc_nano.a(lib_a-printf.o)
 .ARM.attributes
                0x0000000000000267       0x2e /home/alie/st/stm32cubeide_1.9.0/plugins/com.st.stm32cube.ide.mcu.externaltools.gnu-tools-for-stm32.10.3-2021.10.linux64_1.0.100.202210260954/tools/bin/../lib/gcc/arm-none-eabi/10.3.1/../../../../arm-none-eabi/lib/thumb/v7e-m/nofp/libc_nano.a(lib_a-puts.o)
 .ARM.attributes
                0x0000000000000295       0x2e /home/alie/st/stm32cubeide_1.9.0/plugins/com.st.stm32cube.ide.mcu.externaltools.gnu-tools-for-stm32.10.3-2021.10.linux64_1.0.100.202210260954/tools/bin/../lib/gcc/arm-none-eabi/10.3.1/../../../../arm-none-eabi/lib/thumb/v7e-m/nofp/libc_nano.a(lib_a-wbuf.o)
 .ARM.attributes
                0x00000000000002c3       0x2e /home/alie/st/stm32cubeide_1.9.0/plugins/com.st.stm32cube.ide.mcu.externaltools.gnu-tools-for-stm32.10.3-2021.10.linux64_1.0.100.202210260954/tools/bin/../lib/gcc/arm-none-eabi/10.3.1/../../../../arm-none-eabi/lib/thumb/v7e-m/nofp/libc_nano.a(lib_a-wsetup.o)
 .ARM.attributes
                0x00000000000002f1       0x2e /home/alie/st/stm32cubeide_1.9.0/plugins/com.st.stm32cube.ide.mcu.externaltools.gnu-tools-for-stm32.10.3-2021.10.linux64_1.0.100.202210260954/tools/bin/../lib/gcc/arm-none-eabi/10.3.1/../../../../arm-none-eabi/lib/thumb/v7e-m/nofp/libc_nano.a(lib_a-fflush.o)
 .ARM.attributes
                0x000000000000031f       0x2e /home/alie/st/stm32cubeide_1.9.0/plugins/com.st.stm32cube.ide.mcu.externaltools.gnu-tools-for-stm32.10.3-2021.10.linux64_1.0.100.202210260954/tools/bin/../lib/gcc/arm-none-eabi/10.3.1/../../../../arm-none-eabi/lib/thumb/v7e-m/nofp/libc_nano.a(lib_a-findfp.o)
 .ARM.attributes
                0x000000000000034d       0x2e /home/alie/st/stm32cubeide_1.9.0/plugins/com.st.stm32cube.ide.mcu.externaltools.gnu-tools-for-stm32.10.3-2021.10.linux64_1.0.100.202210260954/tools/bin/../lib/gcc/arm-none-eabi/10.3.1/../../../../arm-none-eabi/lib/thumb/v7e-m/nofp/libc_nano.a(lib_a-fwalk.o)
 .ARM.attributes
                0x000000000000037b       0x2e /home/alie/st/stm32cubeide_1.9.0/plugins/com.st.stm32cube.ide.mcu.externaltools.gnu-tools-for-stm32.10.3-2021.10.linux64_1.0.100.202210260954/tools/bin/../lib/gcc/arm-none-eabi/10.3.1/../../../../arm-none-eabi/lib/thumb/v7e-m/nofp/libc_nano.a(lib_a-lock.o)
 .ARM.attributes
                0x00000000000003a9       0x2e /home/alie/st/stm32cubeide_1.9.0/plugins/com.st.stm32cube.ide.mcu.externaltools.gnu-tools-for-stm32.10.3-2021.10.linux64_1.0.100.202210260954/tools/bin/../lib/gcc/arm-none-eabi/10.3.1/../../../../arm-none-eabi/lib/thumb/v7e-m/nofp/libc_nano.a(lib_a-makebuf.o)
 .ARM.attributes
                0x00000000000003d7       0x2e /home/alie/st/stm32cubeide_1.9.0/plugins/com.st.stm32cube.ide.mcu.externaltools.gnu-tools-for-stm32.10.3-2021.10.linux64_1.0.100.202210260954/tools/bin/../lib/gcc/arm-none-eabi/10.3.1/../../../../arm-none-eabi/lib/thumb/v7e-m/nofp/libc_nano.a(lib_a-nano-freer.o)
 .ARM.attributes
                0x0000000000000405       0x2e /home/alie/st/stm32cubeide_1.9.0/plugins/com.st.stm32cube.ide.mcu.externaltools.gnu-tools-for-stm32.10.3-2021.10.linux64_1.0.100.202210260954/tools/bin/../lib/gcc/arm-none-eabi/10.3.1/../../../../arm-none-eabi/lib/thumb/v7e-m/nofp/libc_nano.a(lib_a-nano-mallocr.o)
 .ARM.attributes
                0x0000000000000433       0x2e /home/alie/st/stm32cubeide_1.9.0/plugins/com.st.stm32cube.ide.mcu.externaltools.gnu-tools-for-stm32.10.3-2021.10.linux64_1.0.100.202210260954/tools/bin/../lib/gcc/arm-none-eabi/10.3.1/../../../../arm-none-eabi/lib/thumb/v7e-m/nofp/libc_nano.a(lib_a-nano-vfprintf.o)
 .ARM.attributes
                0x0000000000000461       0x2e /home/alie/st/stm32cubeide_1.9.0/plugins/com.st.stm32cube.ide.mcu.externaltools.gnu-tools-for-stm32.10.3-2021.10.linux64_1.0.100.202210260954/tools/bin/../lib/gcc/arm-none-eabi/10.3.1/../../../../arm-none-eabi/lib/thumb/v7e-m/nofp/libc_nano.a(lib_a-nano-vfprintf_i.o)
 .ARM.attributes
                0x000000000000048f       0x2e /home/alie/st/stm32cubeide_1.9.0/plugins/com.st.stm32cube.ide.mcu.externaltools.gnu-tools-for-stm32.10.3-2021.10.linux64_1.0.100.202210260954/tools/bin/../lib/gcc/arm-none-eabi/10.3.1/../../../../arm-none-eabi/lib/thumb/v7e-m/nofp/libc_nano.a(lib_a-sbrkr.o)
 .ARM.attributes
                0x00000000000004bd       0x2e /home/alie/st/stm32cubeide_1.9.0/plugins/com.st.stm32cube.ide.mcu.externaltools.gnu-tools-for-stm32.10.3-2021.10.linux64_1.0.100.202210260954/tools/bin/../lib/gcc/arm-none-eabi/10.3.1/../../../../arm-none-eabi/lib/thumb/v7e-m/nofp/libc_nano.a(lib_a-stdio.o)
 .ARM.attributes
                0x00000000000004eb       0x2e /home/alie/st/stm32cubeide_1.9.0/plugins/com.st.stm32cube.ide.mcu.externaltools.gnu-tools-for-stm32.10.3-2021.10.linux64_1.0.100.202210260954/tools/bin/../lib/gcc/arm-none-eabi/10.3.1/../../../../arm-none-eabi/lib/thumb/v7e-m/nofp/libc_nano.a(lib_a-writer.o)
 .ARM.attributes
                0x0000000000000519       0x2e /home/alie/st/stm32cubeide_1.9.0/plugins/com.st.stm32cube.ide.mcu.externaltools.gnu-tools-for-stm32.10.3-2021.10.linux64_1.0.100.202210260954/tools/bin/../lib/gcc/arm-none-eabi/10.3.1/../../../../arm-none-eabi/lib/thumb/v7e-m/nofp/libc_nano.a(lib_a-closer.o)
 .ARM.attributes
                0x0000000000000547       0x2e /home/alie/st/stm32cubeide_1.9.0/plugins/com.st.stm32cube.ide.mcu.externaltools.gnu-tools-for-stm32.10.3-2021.10.linux64_1.0.100.202210260954/tools/bin/../lib/gcc/arm-none-eabi/10.3.1/../../../../arm-none-eabi/lib/thumb/v7e-m/nofp/libc_nano.a(lib_a-fstatr.o)
 .ARM.attributes
                0x0000000000000575       0x2e /home/alie/st/stm32cubeide_1.9.0/plugins/com.st.stm32cube.ide.mcu.externaltools.gnu-tools-for-stm32.10.3-2021.10.linux64_1.0.100.202210260954/tools/bin/../lib/gcc/arm-none-eabi/10.3.1/../../../../arm-none-eabi/lib/thumb/v7e-m/nofp/libc_nano.a(lib_a-isattyr.o)
 .ARM.attributes
                0x00000000000005a3       0x2e /home/alie/st/stm32cubeide_1.9.0/plugins/com.st.stm32cube.ide.mcu.externaltools.gnu-tools-for-stm32.10.3-2021.10.linux64_1.0.100.202210260954/tools/bin/../lib/gcc/arm-none-eabi/10.3.1/../../../../arm-none-eabi/lib/thumb/v7e-m/nofp/libc_nano.a(lib_a-lseekr.o)
 .ARM.attributes
                0x00000000000005d1       0x1c /home/alie/st/stm32cubeide_1.9.0/plugins/com.st.stm32cube.ide.mcu.externaltools.gnu-tools-for-stm32.10.3-2021.10.linux64_1.0.100.202210260954/tools/bin/../lib/gcc/arm-none-eabi/10.3.1/../../../../arm-none-eabi/lib/thumb/v7e-m/nofp/libc_nano.a(lib_a-memchr.o)
 .ARM.attributes
                0x00000000000005ed       0x2e /home/alie/st/stm32cubeide_1.9.0/plugins/com.st.stm32cube.ide.mcu.externaltools.gnu-tools-for-stm32.10.3-2021.10.linux64_1.0.100.202210260954/tools/bin/../lib/gcc/arm-none-eabi/10.3.1/../../../../arm-none-eabi/lib/thumb/v7e-m/nofp/libc_nano.a(lib_a-mlock.o)
 .ARM.attributes
                0x000000000000061b       0x2e /home/alie/st/stm32cubeide_1.9.0/plugins/com.st.stm32cube.ide.mcu.externaltools.gnu-tools-for-stm32.10.3-2021.10.linux64_1.0.100.202210260954/tools/bin/../lib/gcc/arm-none-eabi/10.3.1/../../../../arm-none-eabi/lib/thumb/v7e-m/nofp/libc_nano.a(lib_a-readr.o)
 .ARM.attributes
                0x0000000000000649       0x2e /home/alie/st/stm32cubeide_1.9.0/plugins/com.st.stm32cube.ide.mcu.externaltools.gnu-tools-for-stm32.10.3-2021.10.linux64_1.0.100.202210260954/tools/bin/../lib/gcc/arm-none-eabi/10.3.1/../../../../arm-none-eabi/lib/thumb/v7e-m/nofp/libc_nano.a(lib_a-reent.o)
 .ARM.attributes
                0x0000000000000677       0x2e /home/alie/st/stm32cubeide_1.9.0/plugins/com.st.stm32cube.ide.mcu.externaltools.gnu-tools-for-stm32.10.3-2021.10.linux64_1.0.100.202210260954/tools/bin/../lib/gcc/arm-none-eabi/10.3.1/../../../../arm-none-eabi/lib/thumb/v7e-m/nofp/librdimon_nano.a(rdimon-syscalls.o)
 .ARM.attributes
                0x00000000000006a5       0x1e /home/alie/st/stm32cubeide_1.9.0/plugins/com.st.stm32cube.ide.mcu.externaltools.gnu-tools-for-stm32.10.3-2021.10.linux64_1.0.100.202210260954/tools/bin/../lib/gcc/arm-none-eabi/10.3.1/thumb/v7e-m/nofp/crtn.o
OUTPUT(stm32f3xx_drivers.elf elf32-littlearm)
LOAD linker stubs
LOAD /home/alie/st/stm32cubeide_1.9.0/plugins/com.st.stm32cube.ide.mcu.externaltools.gnu-tools-for-stm32.10.3-2021.10.linux64_1.0.100.202210260954/tools/bin/../lib/gcc/arm-none-eabi/10.3.1/../../../../arm-none-eabi/lib/thumb/v7e-m/nofp/libc.a
LOAD /home/alie/st/stm32cubeide_1.9.0/plugins/com.st.stm32cube.ide.mcu.externaltools.gnu-tools-for-stm32.10.3-2021.10.linux64_1.0.100.202210260954/tools/bin/../lib/gcc/arm-none-eabi/10.3.1/../../../../arm-none-eabi/lib/thumb/v7e-m/nofp/libm.a
LOAD /home/alie/st/stm32cubeide_1.9.0/plugins/com.st.stm32cube.ide.mcu.externaltools.gnu-tools-for-stm32.10.3-2021.10.linux64_1.0.100.202210260954/tools/bin/../lib/gcc/arm-none-eabi/10.3.1/thumb/v7e-m/nofp/libgcc.a

.debug_info     0x0000000000000000     0x1f6f
 .debug_info    0x0000000000000000      0x171 ./Src/sysmem.o
 .debug_info    0x0000000000000171       0x22 ./Startup/startup_stm32f303retx.o
 .debug_info    0x0000000000000193      0x74c ./bsp/ds1307.o
 .debug_info    0x00000000000008df      0x3cc ./bsp/lcd.o
 .debug_info    0x0000000000000cab      0x815 ./drivers/Src/stm32f303re_I2C_driver.o
 .debug_info    0x00000000000014c0      0x695 ./drivers/Src/stm32f303re_gpio_driver.o
 .debug_info    0x0000000000001b55      0x41a ./src/017rtc_lcd.o

.debug_abbrev   0x0000000000000000      0x99a
 .debug_abbrev  0x0000000000000000       0xbb ./Src/sysmem.o
 .debug_abbrev  0x00000000000000bb       0x12 ./Startup/startup_stm32f303retx.o
 .debug_abbrev  0x00000000000000cd      0x1f6 ./bsp/ds1307.o
 .debug_abbrev  0x00000000000002c3      0x194 ./bsp/lcd.o
 .debug_abbrev  0x0000000000000457      0x206 ./drivers/Src/stm32f303re_I2C_driver.o
 .debug_abbrev  0x000000000000065d      0x173 ./drivers/Src/stm32f303re_gpio_driver.o
 .debug_abbrev  0x00000000000007d0      0x1ca ./src/017rtc_lcd.o

.debug_aranges  0x0000000000000000      0x2a8
 .debug_aranges
                0x0000000000000000       0x20 ./Src/sysmem.o
 .debug_aranges
                0x0000000000000020       0x28 ./Startup/startup_stm32f303retx.o
 .debug_aranges
                0x0000000000000048       0x70 ./bsp/ds1307.o
 .debug_aranges
                0x00000000000000b8       0x70 ./bsp/lcd.o
 .debug_aranges
                0x0000000000000128       0xb8 ./drivers/Src/stm32f303re_I2C_driver.o
 .debug_aranges
                0x00000000000001e0       0x70 ./drivers/Src/stm32f303re_gpio_driver.o
 .debug_aranges
                0x0000000000000250       0x58 ./src/017rtc_lcd.o

.debug_ranges   0x0000000000000000      0x240
 .debug_ranges  0x0000000000000000       0x10 ./Src/sysmem.o
 .debug_ranges  0x0000000000000010       0x20 ./Startup/startup_stm32f303retx.o
 .debug_ranges  0x0000000000000030       0x60 ./bsp/ds1307.o
 .debug_ranges  0x0000000000000090       0x60 ./bsp/lcd.o
 .debug_ranges  0x00000000000000f0       0xa8 ./drivers/Src/stm32f303re_I2C_driver.o
 .debug_ranges  0x0000000000000198       0x60 ./drivers/Src/stm32f303re_gpio_driver.o
 .debug_ranges  0x00000000000001f8       0x48 ./src/017rtc_lcd.o

.debug_macro    0x0000000000000000     0x36f9
 .debug_macro   0x0000000000000000       0xff ./Src/sysmem.o
 .debug_macro   0x00000000000000ff      0xa78 ./Src/sysmem.o
 .debug_macro   0x0000000000000b77       0x10 ./Src/sysmem.o
 .debug_macro   0x0000000000000b87       0x22 ./Src/sysmem.o
 .debug_macro   0x0000000000000ba9       0x4c ./Src/sysmem.o
 .debug_macro   0x0000000000000bf5       0x18 ./Src/sysmem.o
 .debug_macro   0x0000000000000c0d       0x94 ./Src/sysmem.o
 .debug_macro   0x0000000000000ca1       0x3c ./Src/sysmem.o
 .debug_macro   0x0000000000000cdd       0x34 ./Src/sysmem.o
 .debug_macro   0x0000000000000d11      0x174 ./Src/sysmem.o
 .debug_macro   0x0000000000000e85       0x16 ./Src/sysmem.o
 .debug_macro   0x0000000000000e9b       0x43 ./Src/sysmem.o
 .debug_macro   0x0000000000000ede       0x57 ./Src/sysmem.o
 .debug_macro   0x0000000000000f35       0x34 ./Src/sysmem.o
 .debug_macro   0x0000000000000f69       0x10 ./Src/sysmem.o
 .debug_macro   0x0000000000000f79       0x58 ./Src/sysmem.o
 .debug_macro   0x0000000000000fd1       0x71 ./Src/sysmem.o
 .debug_macro   0x0000000000001042       0x1c ./Src/sysmem.o
 .debug_macro   0x000000000000105e      0x12a ./Src/sysmem.o
 .debug_macro   0x0000000000001188      0x23b ./Src/sysmem.o
 .debug_macro   0x00000000000013c3      0x103 ./Src/sysmem.o
 .debug_macro   0x00000000000014c6       0x6a ./Src/sysmem.o
 .debug_macro   0x0000000000001530      0x1df ./Src/sysmem.o
 .debug_macro   0x000000000000170f      0x191 ./bsp/ds1307.o
 .debug_macro   0x00000000000018a0       0x8e ./bsp/ds1307.o
 .debug_macro   0x000000000000192e       0x51 ./bsp/ds1307.o
 .debug_macro   0x000000000000197f      0xa4f ./bsp/ds1307.o
 .debug_macro   0x00000000000023ce       0xc4 ./bsp/ds1307.o
 .debug_macro   0x0000000000002492       0xc4 ./bsp/ds1307.o
 .debug_macro   0x0000000000002556       0xe8 ./bsp/ds1307.o
 .debug_macro   0x000000000000263e       0xfa ./bsp/ds1307.o
 .debug_macro   0x0000000000002738       0x94 ./bsp/ds1307.o
 .debug_macro   0x00000000000027cc       0x52 ./bsp/ds1307.o
 .debug_macro   0x000000000000281e      0x341 ./bsp/ds1307.o
 .debug_macro   0x0000000000002b5f       0x10 ./bsp/ds1307.o
 .debug_macro   0x0000000000002b6f       0x35 ./bsp/ds1307.o
 .debug_macro   0x0000000000002ba4       0x20 ./bsp/ds1307.o
 .debug_macro   0x0000000000002bc4       0xbe ./bsp/lcd.o
 .debug_macro   0x0000000000002c82       0x52 ./bsp/lcd.o
 .debug_macro   0x0000000000002cd4       0xc2 ./drivers/Src/stm32f303re_I2C_driver.o
 .debug_macro   0x0000000000002d96       0xe2 ./drivers/Src/stm32f303re_I2C_driver.o
 .debug_macro   0x0000000000002e78       0xb9 ./drivers/Src/stm32f303re_gpio_driver.o
 .debug_macro   0x0000000000002f31      0x22b ./src/017rtc_lcd.o
 .debug_macro   0x000000000000315c       0x16 ./src/017rtc_lcd.o
 .debug_macro   0x0000000000003172       0x97 ./src/017rtc_lcd.o
 .debug_macro   0x0000000000003209       0xfd ./src/017rtc_lcd.o
 .debug_macro   0x0000000000003306       0x10 ./src/017rtc_lcd.o
 .debug_macro   0x0000000000003316       0x10 ./src/017rtc_lcd.o
 .debug_macro   0x0000000000003326       0x1c ./src/017rtc_lcd.o
 .debug_macro   0x0000000000003342       0x52 ./src/017rtc_lcd.o
 .debug_macro   0x0000000000003394       0x22 ./src/017rtc_lcd.o
 .debug_macro   0x00000000000033b6       0x10 ./src/017rtc_lcd.o
 .debug_macro   0x00000000000033c6       0x52 ./src/017rtc_lcd.o
 .debug_macro   0x0000000000003418       0xd5 ./src/017rtc_lcd.o
 .debug_macro   0x00000000000034ed       0x1c ./src/017rtc_lcd.o
 .debug_macro   0x0000000000003509       0x3d ./src/017rtc_lcd.o
 .debug_macro   0x0000000000003546       0x16 ./src/017rtc_lcd.o
 .debug_macro   0x000000000000355c      0x145 ./src/017rtc_lcd.o
 .debug_macro   0x00000000000036a1       0x58 ./src/017rtc_lcd.o

.debug_line     0x0000000000000000     0x31dc
 .debug_line    0x0000000000000000      0x4d1 ./Src/sysmem.o
 .debug_line    0x00000000000004d1       0x84 ./Startup/startup_stm32f303retx.o
 .debug_line    0x0000000000000555      0x799 ./bsp/ds1307.o
 .debug_line    0x0000000000000cee      0x622 ./bsp/lcd.o
 .debug_line    0x0000000000001310      0xcf8 ./drivers/Src/stm32f303re_I2C_driver.o
 .debug_line    0x0000000000002008      0x95e ./drivers/Src/stm32f303re_gpio_driver.o
 .debug_line    0x0000000000002966      0x876 ./src/017rtc_lcd.o

.debug_str      0x0000000000000000     0xc21d
 .debug_str     0x0000000000000000     0x5b92 ./Src/sysmem.o
                                       0x5d94 (size before relaxing)
 .debug_str     0x0000000000005b92       0x31 ./Startup/startup_stm32f303retx.o
                                         0x95 (size before relaxing)
 .debug_str     0x0000000000005bc3     0x4fdb ./bsp/ds1307.o
                                       0xa8a4 (size before relaxing)
 .debug_str     0x000000000000ab9e      0x224 ./bsp/lcd.o
                                       0x74cc (size before relaxing)
 .debug_str     0x000000000000adc2      0x27d ./drivers/Src/stm32f303re_I2C_driver.o
                                       0x78ac (size before relaxing)
 .debug_str     0x000000000000b03f      0x171 ./drivers/Src/stm32f303re_gpio_driver.o
                                       0x74cd (size before relaxing)
 .debug_str     0x000000000000b1b0     0x106d ./src/017rtc_lcd.o
                                       0xb77f (size before relaxing)

.comment        0x0000000000000000       0x50
 .comment       0x0000000000000000       0x50 ./Src/sysmem.o
                                         0x51 (size before relaxing)
 .comment       0x0000000000000050       0x51 ./bsp/ds1307.o
 .comment       0x0000000000000050       0x51 ./bsp/lcd.o
 .comment       0x0000000000000050       0x51 ./drivers/Src/stm32f303re_I2C_driver.o
 .comment       0x0000000000000050       0x51 ./drivers/Src/stm32f303re_gpio_driver.o
 .comment       0x0000000000000050       0x51 ./src/017rtc_lcd.o

.debug_frame    0x0000000000000000     0x157c
 .debug_frame   0x0000000000000000       0x34 ./Src/sysmem.o
 .debug_frame   0x0000000000000034      0x19c ./bsp/ds1307.o
 .debug_frame   0x00000000000001d0      0x18c ./bsp/lcd.o
 .debug_frame   0x000000000000035c      0x318 ./drivers/Src/stm32f303re_I2C_driver.o
 .debug_frame   0x0000000000000674      0x1c8 ./drivers/Src/stm32f303re_gpio_driver.o
 .debug_frame   0x000000000000083c      0x144 ./src/017rtc_lcd.o
 .debug_frame   0x0000000000000980       0x20 /home/alie/st/stm32cubeide_1.9.0/plugins/com.st.stm32cube.ide.mcu.externaltools.gnu-tools-for-stm32.10.3-2021.10.linux64_1.0.100.202210260954/tools/bin/../lib/gcc/arm-none-eabi/10.3.1/../../../../arm-none-eabi/lib/thumb/v7e-m/nofp/libc_nano.a(lib_a-errno.o)
 .debug_frame   0x00000000000009a0       0x2c /home/alie/st/stm32cubeide_1.9.0/plugins/com.st.stm32cube.ide.mcu.externaltools.gnu-tools-for-stm32.10.3-2021.10.linux64_1.0.100.202210260954/tools/bin/../lib/gcc/arm-none-eabi/10.3.1/../../../../arm-none-eabi/lib/thumb/v7e-m/nofp/libc_nano.a(lib_a-init.o)
 .debug_frame   0x00000000000009cc       0x20 /home/alie/st/stm32cubeide_1.9.0/plugins/com.st.stm32cube.ide.mcu.externaltools.gnu-tools-for-stm32.10.3-2021.10.linux64_1.0.100.202210260954/tools/bin/../lib/gcc/arm-none-eabi/10.3.1/../../../../arm-none-eabi/lib/thumb/v7e-m/nofp/libc_nano.a(lib_a-memset.o)
 .debug_frame   0x00000000000009ec       0x74 /home/alie/st/stm32cubeide_1.9.0/plugins/com.st.stm32cube.ide.mcu.externaltools.gnu-tools-for-stm32.10.3-2021.10.linux64_1.0.100.202210260954/tools/bin/../lib/gcc/arm-none-eabi/10.3.1/../../../../arm-none-eabi/lib/thumb/v7e-m/nofp/libc_nano.a(lib_a-printf.o)
 .debug_frame   0x0000000000000a60       0x3c /home/alie/st/stm32cubeide_1.9.0/plugins/com.st.stm32cube.ide.mcu.externaltools.gnu-tools-for-stm32.10.3-2021.10.linux64_1.0.100.202210260954/tools/bin/../lib/gcc/arm-none-eabi/10.3.1/../../../../arm-none-eabi/lib/thumb/v7e-m/nofp/libc_nano.a(lib_a-puts.o)
 .debug_frame   0x0000000000000a9c       0x40 /home/alie/st/stm32cubeide_1.9.0/plugins/com.st.stm32cube.ide.mcu.externaltools.gnu-tools-for-stm32.10.3-2021.10.linux64_1.0.100.202210260954/tools/bin/../lib/gcc/arm-none-eabi/10.3.1/../../../../arm-none-eabi/lib/thumb/v7e-m/nofp/libc_nano.a(lib_a-wbuf.o)
 .debug_frame   0x0000000000000adc       0x2c /home/alie/st/stm32cubeide_1.9.0/plugins/com.st.stm32cube.ide.mcu.externaltools.gnu-tools-for-stm32.10.3-2021.10.linux64_1.0.100.202210260954/tools/bin/../lib/gcc/arm-none-eabi/10.3.1/../../../../arm-none-eabi/lib/thumb/v7e-m/nofp/libc_nano.a(lib_a-wsetup.o)
 .debug_frame   0x0000000000000b08       0x5c /home/alie/st/stm32cubeide_1.9.0/plugins/com.st.stm32cube.ide.mcu.externaltools.gnu-tools-for-stm32.10.3-2021.10.linux64_1.0.100.202210260954/tools/bin/../lib/gcc/arm-none-eabi/10.3.1/../../../../arm-none-eabi/lib/thumb/v7e-m/nofp/libc_nano.a(lib_a-fflush.o)
 .debug_frame   0x0000000000000b64      0x14c /home/alie/st/stm32cubeide_1.9.0/plugins/com.st.stm32cube.ide.mcu.externaltools.gnu-tools-for-stm32.10.3-2021.10.linux64_1.0.100.202210260954/tools/bin/../lib/gcc/arm-none-eabi/10.3.1/../../../../arm-none-eabi/lib/thumb/v7e-m/nofp/libc_nano.a(lib_a-findfp.o)
 .debug_frame   0x0000000000000cb0       0x54 /home/alie/st/stm32cubeide_1.9.0/plugins/com.st.stm32cube.ide.mcu.externaltools.gnu-tools-for-stm32.10.3-2021.10.linux64_1.0.100.202210260954/tools/bin/../lib/gcc/arm-none-eabi/10.3.1/../../../../arm-none-eabi/lib/thumb/v7e-m/nofp/libc_nano.a(lib_a-fwalk.o)
 .debug_frame   0x0000000000000d04       0xb0 /home/alie/st/stm32cubeide_1.9.0/plugins/com.st.stm32cube.ide.mcu.externaltools.gnu-tools-for-stm32.10.3-2021.10.linux64_1.0.100.202210260954/tools/bin/../lib/gcc/arm-none-eabi/10.3.1/../../../../arm-none-eabi/lib/thumb/v7e-m/nofp/libc_nano.a(lib_a-lock.o)
 .debug_frame   0x0000000000000db4       0x58 /home/alie/st/stm32cubeide_1.9.0/plugins/com.st.stm32cube.ide.mcu.externaltools.gnu-tools-for-stm32.10.3-2021.10.linux64_1.0.100.202210260954/tools/bin/../lib/gcc/arm-none-eabi/10.3.1/../../../../arm-none-eabi/lib/thumb/v7e-m/nofp/libc_nano.a(lib_a-makebuf.o)
 .debug_frame   0x0000000000000e0c       0x38 /home/alie/st/stm32cubeide_1.9.0/plugins/com.st.stm32cube.ide.mcu.externaltools.gnu-tools-for-stm32.10.3-2021.10.linux64_1.0.100.202210260954/tools/bin/../lib/gcc/arm-none-eabi/10.3.1/../../../../arm-none-eabi/lib/thumb/v7e-m/nofp/libc_nano.a(lib_a-nano-freer.o)
 .debug_frame   0x0000000000000e44       0x4c /home/alie/st/stm32cubeide_1.9.0/plugins/com.st.stm32cube.ide.mcu.externaltools.gnu-tools-for-stm32.10.3-2021.10.linux64_1.0.100.202210260954/tools/bin/../lib/gcc/arm-none-eabi/10.3.1/../../../../arm-none-eabi/lib/thumb/v7e-m/nofp/libc_nano.a(lib_a-nano-mallocr.o)
 .debug_frame   0x0000000000000e90       0xac /home/alie/st/stm32cubeide_1.9.0/plugins/com.st.stm32cube.ide.mcu.externaltools.gnu-tools-for-stm32.10.3-2021.10.linux64_1.0.100.202210260954/tools/bin/../lib/gcc/arm-none-eabi/10.3.1/../../../../arm-none-eabi/lib/thumb/v7e-m/nofp/libc_nano.a(lib_a-nano-vfprintf.o)
 .debug_frame   0x0000000000000f3c       0x60 /home/alie/st/stm32cubeide_1.9.0/plugins/com.st.stm32cube.ide.mcu.externaltools.gnu-tools-for-stm32.10.3-2021.10.linux64_1.0.100.202210260954/tools/bin/../lib/gcc/arm-none-eabi/10.3.1/../../../../arm-none-eabi/lib/thumb/v7e-m/nofp/libc_nano.a(lib_a-nano-vfprintf_i.o)
 .debug_frame   0x0000000000000f9c       0x2c /home/alie/st/stm32cubeide_1.9.0/plugins/com.st.stm32cube.ide.mcu.externaltools.gnu-tools-for-stm32.10.3-2021.10.linux64_1.0.100.202210260954/tools/bin/../lib/gcc/arm-none-eabi/10.3.1/../../../../arm-none-eabi/lib/thumb/v7e-m/nofp/libc_nano.a(lib_a-sbrkr.o)
 .debug_frame   0x0000000000000fc8       0x88 /home/alie/st/stm32cubeide_1.9.0/plugins/com.st.stm32cube.ide.mcu.externaltools.gnu-tools-for-stm32.10.3-2021.10.linux64_1.0.100.202210260954/tools/bin/../lib/gcc/arm-none-eabi/10.3.1/../../../../arm-none-eabi/lib/thumb/v7e-m/nofp/libc_nano.a(lib_a-stdio.o)
 .debug_frame   0x0000000000001050       0x2c /home/alie/st/stm32cubeide_1.9.0/plugins/com.st.stm32cube.ide.mcu.externaltools.gnu-tools-for-stm32.10.3-2021.10.linux64_1.0.100.202210260954/tools/bin/../lib/gcc/arm-none-eabi/10.3.1/../../../../arm-none-eabi/lib/thumb/v7e-m/nofp/libc_nano.a(lib_a-writer.o)
 .debug_frame   0x000000000000107c       0x2c /home/alie/st/stm32cubeide_1.9.0/plugins/com.st.stm32cube.ide.mcu.externaltools.gnu-tools-for-stm32.10.3-2021.10.linux64_1.0.100.202210260954/tools/bin/../lib/gcc/arm-none-eabi/10.3.1/../../../../arm-none-eabi/lib/thumb/v7e-m/nofp/libc_nano.a(lib_a-closer.o)
 .debug_frame   0x00000000000010a8       0x2c /home/alie/st/stm32cubeide_1.9.0/plugins/com.st.stm32cube.ide.mcu.externaltools.gnu-tools-for-stm32.10.3-2021.10.linux64_1.0.100.202210260954/tools/bin/../lib/gcc/arm-none-eabi/10.3.1/../../../../arm-none-eabi/lib/thumb/v7e-m/nofp/libc_nano.a(lib_a-fstatr.o)
 .debug_frame   0x00000000000010d4       0x2c /home/alie/st/stm32cubeide_1.9.0/plugins/com.st.stm32cube.ide.mcu.externaltools.gnu-tools-for-stm32.10.3-2021.10.linux64_1.0.100.202210260954/tools/bin/../lib/gcc/arm-none-eabi/10.3.1/../../../../arm-none-eabi/lib/thumb/v7e-m/nofp/libc_nano.a(lib_a-isattyr.o)
 .debug_frame   0x0000000000001100       0x2c /home/alie/st/stm32cubeide_1.9.0/plugins/com.st.stm32cube.ide.mcu.externaltools.gnu-tools-for-stm32.10.3-2021.10.linux64_1.0.100.202210260954/tools/bin/../lib/gcc/arm-none-eabi/10.3.1/../../../../arm-none-eabi/lib/thumb/v7e-m/nofp/libc_nano.a(lib_a-lseekr.o)
 .debug_frame   0x000000000000112c       0x30 /home/alie/st/stm32cubeide_1.9.0/plugins/com.st.stm32cube.ide.mcu.externaltools.gnu-tools-for-stm32.10.3-2021.10.linux64_1.0.100.202210260954/tools/bin/../lib/gcc/arm-none-eabi/10.3.1/../../../../arm-none-eabi/lib/thumb/v7e-m/nofp/libc_nano.a(lib_a-mlock.o)
 .debug_frame   0x000000000000115c       0x2c /home/alie/st/stm32cubeide_1.9.0/plugins/com.st.stm32cube.ide.mcu.externaltools.gnu-tools-for-stm32.10.3-2021.10.linux64_1.0.100.202210260954/tools/bin/../lib/gcc/arm-none-eabi/10.3.1/../../../../arm-none-eabi/lib/thumb/v7e-m/nofp/libc_nano.a(lib_a-readr.o)
 .debug_frame   0x0000000000001188       0x5c /home/alie/st/stm32cubeide_1.9.0/plugins/com.st.stm32cube.ide.mcu.externaltools.gnu-tools-for-stm32.10.3-2021.10.linux64_1.0.100.202210260954/tools/bin/../lib/gcc/arm-none-eabi/10.3.1/../../../../arm-none-eabi/lib/thumb/v7e-m/nofp/libc_nano.a(lib_a-reent.o)
 .debug_frame   0x00000000000011e4      0x398 /home/alie/st/stm32cubeide_1.9.0/plugins/com.st.stm32cube.ide.mcu.externaltools.gnu-tools-for-stm32.10.3-2021.10.linux64_1.0.100.202210260954/tools/bin/../lib/gcc/arm-none-eabi/10.3.1/../../../../arm-none-eabi/lib/thumb/v7e-m/nofp/librdimon_nano.a(rdimon-syscalls.o)
