20:57:29 **** Incremental Build of configuration Debug for project stm32f3xx_drivers ****
make -j4 all 
arm-none-eabi-gcc "../drivers/Src/stm32f303re_I2C_driver.c" -mcpu=cortex-m4 -std=gnu11 -g3 -DDEBUG -DSTM32 -DSTM32F3 -DSTM32F303RETx -DNUCLEO_F303RE -c -I../Inc -I/media/alie/af896648-84eb-46fb-8a34-aadf9fef82dd/Embedded/MCU1_Course/MCU_1/stm32f3xx_drivers/drivers/Inc -O0 -ffunction-sections -fdata-sections -Wall -fstack-usage -MMD -MP -MF"drivers/Src/stm32f303re_I2C_driver.d" -MT"drivers/Src/stm32f303re_I2C_driver.o" --specs=nano.specs -mfloat-abi=soft -mthumb -o "drivers/Src/stm32f303re_I2C_driver.o"
arm-none-eabi-gcc "../drivers/Src/stm32f303re_SPI_driver.c" -mcpu=cortex-m4 -std=gnu11 -g3 -DDEBUG -DSTM32 -DSTM32F3 -DSTM32F303RETx -DNUCLEO_F303RE -c -I../Inc -I/media/alie/af896648-84eb-46fb-8a34-aadf9fef82dd/Embedded/MCU1_Course/MCU_1/stm32f3xx_drivers/drivers/Inc -O0 -ffunction-sections -fdata-sections -Wall -fstack-usage -MMD -MP -MF"drivers/Src/stm32f303re_SPI_driver.d" -MT"drivers/Src/stm32f303re_SPI_driver.o" --specs=nano.specs -mfloat-abi=soft -mthumb -o "drivers/Src/stm32f303re_SPI_driver.o"
arm-none-eabi-gcc -o "stm32f3xx_drivers.elf" @"objects.list"   -mcpu=cortex-m4 -T"/media/alie/af896648-84eb-46fb-8a34-aadf9fef82dd/Embedded/MCU1_Course/MCU_1/stm32f3xx_drivers/STM32F303RETX_FLASH.ld" --specs=nosys.specs -Wl,-Map="stm32f3xx_drivers.map" -Wl,--gc-sections -static -specs=rdimon.specs -lc -lrdimon --specs=nano.specs -mfloat-abi=soft -mthumb -Wl,--start-group -lc -lm -Wl,--end-group
Finished building target: stm32f3xx_drivers.elf
 
arm-none-eabi-size   stm32f3xx_drivers.elf 
arm-none-eabi-objdump -h -S  stm32f3xx_drivers.elf  > "stm32f3xx_drivers.list"
   text	   data	    bss	    dec	    hex	filename
  11028	    108	   1804	  12940	   328c	stm32f3xx_drivers.elf
Finished building: default.size.stdout
Finished building: stm32f3xx_drivers.list
 
 

20:57:32 Build Finished. 0 errors, 0 warnings. (took 2s.500ms)

