../bsp/ds1307.c:21:13:ds1307_i2c_pin_config	32	static
../bsp/ds1307.c:48:13:ds1307_i2c_config	8	static
../bsp/ds1307.c:55:9:ds1307_init	16	static
../bsp/ds1307.c:70:6:ds1307_set_current_time	24	static
../bsp/ds1307.c:90:6:ds1307_get_current_time	24	static
../bsp/ds1307.c:122:6:ds1307_set_current_date	16	static
../bsp/ds1307.c:129:6:ds1307_get_current_date	16	static
../bsp/ds1307.c:136:13:ds1307_write	32	static
../bsp/ds1307.c:144:16:ds1307_read	32	static
../bsp/ds1307.c:152:16:binarytobcd	24	static
../bsp/ds1307.c:167:16:bcd_to_binary	24	static
